Component: ARM Compiler 5.06 update 7 (build 960) Tool: armlink [4d3601]

==============================================================================

Section Cross References

    main.o(i.app_error_fault_handler) refers to boards.o(i.bsp_board_leds_on) for bsp_board_leds_on
    main.o(i.app_error_fault_handler) refers to app_error.o(i.app_error_save_and_stop) for app_error_save_and_stop
    main.o(i.bsp_evt_handler) refers to memcpya.o(.text) for __aeabi_memcpy4
    main.o(i.bsp_evt_handler) refers to nrf_drv_pwm.o(i.nrf_drv_pwm_uninit) for nrf_drv_pwm_uninit
    main.o(i.bsp_evt_handler) refers to main.o(.constdata) for .constdata
    main.o(i.bsp_evt_handler) refers to main.o(.data) for .data
    main.o(i.demo1) refers to nrf_log_frontend.o(i.nrf_log_frontend_std_0) for nrf_log_frontend_std_0
    main.o(i.demo1) refers to nrf_drv_pwm.o(i.nrf_drv_pwm_init) for nrf_drv_pwm_init
    main.o(i.demo1) refers to app_error.o(i.app_error_handler_bare) for app_error_handler_bare
    main.o(i.demo1) refers to nrf_drv_pwm.o(i.nrf_drv_pwm_simple_playback) for nrf_drv_pwm_simple_playback
    main.o(i.demo1) refers to main.o(.constdata) for .constdata
    main.o(i.demo1) refers to main.o(i.demo1_handler) for demo1_handler
    main.o(i.demo1) refers to main.o(.data) for .data
    main.o(i.demo1_handler) refers to main.o(.data) for .data
    main.o(i.demo2) refers to nrf_log_frontend.o(i.nrf_log_frontend_std_0) for nrf_log_frontend_std_0
    main.o(i.demo2) refers to nrf_drv_pwm.o(i.nrf_drv_pwm_init) for nrf_drv_pwm_init
    main.o(i.demo2) refers to app_error.o(i.app_error_handler_bare) for app_error_handler_bare
    main.o(i.demo2) refers to nrf_drv_pwm.o(i.nrf_drv_pwm_complex_playback) for nrf_drv_pwm_complex_playback
    main.o(i.demo2) refers to main.o(.constdata) for .constdata
    main.o(i.demo2) refers to main.o(.data) for .data
    main.o(i.demo2) refers to main.o(.bss) for .bss
    main.o(i.demo3) refers to nrf_log_frontend.o(i.nrf_log_frontend_std_0) for nrf_log_frontend_std_0
    main.o(i.demo3) refers to nrf_drv_pwm.o(i.nrf_drv_pwm_init) for nrf_drv_pwm_init
    main.o(i.demo3) refers to app_error.o(i.app_error_handler_bare) for app_error_handler_bare
    main.o(i.demo3) refers to nrf_drv_pwm.o(i.nrf_drv_pwm_simple_playback) for nrf_drv_pwm_simple_playback
    main.o(i.demo3) refers to main.o(.constdata) for .constdata
    main.o(i.demo3) refers to main.o(.data) for .data
    main.o(i.demo4) refers to nrf_log_frontend.o(i.nrf_log_frontend_std_0) for nrf_log_frontend_std_0
    main.o(i.demo4) refers to nrf_drv_pwm.o(i.nrf_drv_pwm_init) for nrf_drv_pwm_init
    main.o(i.demo4) refers to app_error.o(i.app_error_handler_bare) for app_error_handler_bare
    main.o(i.demo4) refers to nrf_drv_pwm.o(i.nrf_drv_pwm_simple_playback) for nrf_drv_pwm_simple_playback
    main.o(i.demo4) refers to nrf_drv_pwm.o(i.nrf_drv_pwm_complex_playback) for nrf_drv_pwm_complex_playback
    main.o(i.demo4) refers to main.o(.constdata) for .constdata
    main.o(i.demo4) refers to main.o(.data) for .data
    main.o(i.demo4) refers to main.o(.bss) for .bss
    main.o(i.demo5) refers to nrf_log_frontend.o(i.nrf_log_frontend_std_0) for nrf_log_frontend_std_0
    main.o(i.demo5) refers to nrf_drv_pwm.o(i.nrf_drv_pwm_init) for nrf_drv_pwm_init
    main.o(i.demo5) refers to app_error.o(i.app_error_handler_bare) for app_error_handler_bare
    main.o(i.demo5) refers to nrf_drv_pwm.o(i.nrf_drv_pwm_simple_playback) for nrf_drv_pwm_simple_playback
    main.o(i.demo5) refers to main.o(.constdata) for .constdata
    main.o(i.demo5) refers to main.o(.data) for .data
    main.o(i.main) refers to nrf_drv_clock.o(i.nrf_drv_clock_init) for nrf_drv_clock_init
    main.o(i.main) refers to app_error.o(i.app_error_handler_bare) for app_error_handler_bare
    main.o(i.main) refers to nrf_drv_clock.o(i.nrf_drv_clock_lfclk_request) for nrf_drv_clock_lfclk_request
    main.o(i.main) refers to app_timer.o(i.app_timer_init) for app_timer_init
    main.o(i.main) refers to bsp.o(i.bsp_init) for bsp_init
    main.o(i.main) refers to bsp.o(i.bsp_buttons_enable) for bsp_buttons_enable
    main.o(i.main) refers to nrf_log_frontend.o(i.nrf_log_init) for nrf_log_init
    main.o(i.main) refers to nrf_log_frontend.o(i.nrf_log_frontend_std_0) for nrf_log_frontend_std_0
    main.o(i.main) refers to main.o(i.demo1) for demo1
    main.o(i.main) refers to nrf_log_frontend.o(i.nrf_log_frontend_dequeue) for nrf_log_frontend_dequeue
    main.o(i.main) refers to main.o(i.bsp_evt_handler) for bsp_evt_handler
    main.o(.constdata) refers to main.o(.data) for m_demo1_seq_values
    main.o(.constdata) refers to main.o(.bss) for seq0_values
    main.o(.constdata) refers to main.o(.data) for seq1_values
    main.o(.constdata) refers to main.o(.data) for seq_values
    main.o(.constdata) refers to main.o(.data) for pwm0_seq_values
    main.o(.constdata) refers to main.o(.data) for stay_off_values
    main.o(.constdata) refers to main.o(.data) for seq_values
[...]
    ../clib/microlib/init/entry.s            0x00000000   Number         0  entry12a.o ABSOLUTE
    ../clib/microlib/init/entry.s            0x00000000   Number         0  entry12b.o ABSOLUTE
    ../clib/microlib/init/entry.s            0x00000000   Number         0  entry.o ABSOLUTE
    ../clib/microlib/init/entry.s            0x00000000   Number         0  entry5.o ABSOLUTE
    ../clib/microlib/init/entry.s            0x00000000   Number         0  entry7a.o ABSOLUTE
    ../clib/microlib/init/entry.s            0x00000000   Number         0  entry7b.o ABSOLUTE
    ../clib/microlib/init/entry.s            0x00000000   Number         0  entry2.o ABSOLUTE
    ../clib/microlib/longlong.c              0x00000000   Number         0  llshl.o ABSOLUTE
    ../clib/microlib/longlong.c              0x00000000   Number         0  llushr.o ABSOLUTE
    ../clib/microlib/longlong.c              0x00000000   Number         0  llsshr.o ABSOLUTE
    ../clib/microlib/printf/printf.c         0x00000000   Number         0  printf3.o ABSOLUTE
    ../clib/microlib/printf/printf.c         0x00000000   Number         0  printf2.o ABSOLUTE
    ../clib/microlib/printf/printf.c         0x00000000   Number         0  printf1.o ABSOLUTE
    ../clib/microlib/printf/printf.c         0x00000000   Number         0  printf5.o ABSOLUTE
    ../clib/microlib/printf/printf.c         0x00000000   Number         0  printfb.o ABSOLUTE
    ../clib/microlib/printf/printf.c         0x00000000   Number         0  printf8.o ABSOLUTE
    ../clib/microlib/printf/printf.c         0x00000000   Number         0  printf0.o ABSOLUTE
    ../clib/microlib/printf/printf.c         0x00000000   Number         0  printf4.o ABSOLUTE
    ../clib/microlib/printf/printf.c         0x00000000   Number         0  printfa.o ABSOLUTE
    ../clib/microlib/printf/printf.c         0x00000000   Number         0  printf7.o ABSOLUTE
    ../clib/microlib/printf/printf.c         0x00000000   Number         0  printf6.o ABSOLUTE
    ../clib/microlib/printf/stubs.s          0x00000000   Number         0  stubs.o ABSOLUTE
    ../clib/microlib/stdio/fputc.c           0x00000000   Number         0  fputc.o ABSOLUTE
    ../clib/microlib/stdio/semi.s            0x00000000   Number         0  semi.o ABSOLUTE
    ../clib/microlib/stdio/streams.c         0x00000000   Number         0  stdout.o ABSOLUTE
    ../clib/microlib/string/memcpy.c         0x00000000   Number         0  memcpyb.o ABSOLUTE
    ../clib/microlib/string/memcpy.c         0x00000000   Number         0  memcpya.o ABSOLUTE
    ../clib/microlib/string/strcpy.c         0x00000000   Number         0  strcpy.o ABSOLUTE
    ../clib/microlib/string/strlen.c         0x00000000   Number         0  strlen.o ABSOLUTE
    ../clib/microlib/stubs.s                 0x00000000   Number         0  iusesemip.o ABSOLUTE
    ../clib/microlib/stubs.s                 0x00000000   Number         0  iusefp.o ABSOLUTE
    ../fplib/microlib/fpadd.c                0x00000000   Number         0  dadd.o ABSOLUTE
    ../fplib/microlib/fpdiv.c                0x00000000   Number         0  ddiv.o ABSOLUTE
    ../fplib/microlib/fpepilogue.c           0x00000000   Number         0  depilogue.o ABSOLUTE
    ../fplib/microlib/fpfix.c                0x00000000   Number         0  dfixul.o ABSOLUTE
    ../fplib/microlib/fpmul.c                0x00000000   Number         0  dmul.o ABSOLUTE
    ..\..\..\..\..\..\components\boards\boards.c 0x00000000   Number         0  boards.o ABSOLUTE
    ..\..\..\..\..\..\components\drivers_nrf\clock\nrf_drv_clock.c 0x00000000   Number         0  nrf_drv_clock.o ABSOLUTE
    ..\..\..\..\..\..\components\drivers_nrf\common\nrf_drv_common.c 0x00000000   Number         0  nrf_drv_common.o ABSOLUTE
    ..\..\..\..\..\..\components\drivers_nrf\gpiote\nrf_drv_gpiote.c 0x00000000   Number         0  nrf_drv_gpiote.o ABSOLUTE
    ..\..\..\..\..\..\components\drivers_nrf\nrf_soc_nosd\nrf_nvic.c 0x00000000   Number         0  nrf_nvic.o ABSOLUTE
    ..\..\..\..\..\..\components\drivers_nrf\nrf_soc_nosd\nrf_soc.c 0x00000000   Number         0  nrf_soc.o ABSOLUTE
    ..\..\..\..\..\..\components\drivers_nrf\pwm\nrf_drv_pwm.c 0x00000000   Number         0  nrf_drv_pwm.o ABSOLUTE
    ..\..\..\..\..\..\components\drivers_nrf\uart\nrf_drv_uart.c 0x00000000   Number         0  nrf_drv_uart.o ABSOLUTE
    ..\..\..\..\..\..\components\libraries\bsp\bsp.c 0x00000000   Number         0  bsp.o ABSOLUTE
    ..\..\..\..\..\..\components\libraries\bsp\bsp_nfc.c 0x00000000   Number         0  bsp_nfc.o ABSOLUTE
    ..\..\..\..\..\..\components\libraries\button\app_button.c 0x00000000   Number         0  app_button.o ABSOLUTE
    ..\..\..\..\..\..\components\libraries\log\src\nrf_log_backend_serial.c 0x00000000   Number         0  nrf_log_backend_serial.o ABSOLUTE
    ..\..\..\..\..\..\components\libraries\log\src\nrf_log_frontend.c 0x00000000   Number         0  nrf_log_frontend.o ABSOLUTE
    ..\..\..\..\..\..\components\libraries\scheduler\app_scheduler.c 0x00000000   Number         0  app_scheduler.o ABSOLUTE
    ..\..\..\..\..\..\components\libraries\strerror\nrf_strerror.c 0x00000000   Number         0  nrf_strerror.o ABSOLUTE
    ..\..\..\..\..\..\components\libraries\timer\app_timer.c 0x00000000   Number         0  app_timer.o ABSOLUTE
    ..\..\..\..\..\..\components\libraries\util\app_error.c 0x00000000   Number         0  app_error.o ABSOLUTE
    ..\..\..\..\..\..\components\libraries\util\app_error_weak.c 0x00000000   Number         0  app_error_weak.o ABSOLUTE
    ..\..\..\..\..\..\components\libraries\util\app_util_platform.c 0x00000000   Number         0  app_util_platform.o ABSOLUTE
    ..\..\..\..\..\..\components\libraries\util\nrf_assert.c 0x00000000   Number         0  nrf_assert.o ABSOLUTE
    ..\..\..\..\..\..\external\segger_rtt\RTT_Syscalls_KEIL.c 0x00000000   Number         0  rtt_syscalls_keil.o ABSOLUTE
    ..\..\..\..\..\..\external\segger_rtt\SEGGER_RTT.c 0x00000000   Number         0  segger_rtt.o ABSOLUTE
    ..\..\..\..\..\..\external\segger_rtt\SEGGER_RTT_printf.c 0x00000000   Number         0  segger_rtt_printf.o ABSOLUTE
    ..\..\..\main.c                          0x00000000   Number         0  main.o ABSOLUTE
    ..\\..\\..\\..\\..\\..\\components\\boards\\boards.c 0x00000000   Number         0  boards.o ABSOLUTE
    ..\\..\\..\\..\\..\\..\\components\\drivers_nrf\\clock\\nrf_drv_clock.c 0x00000000   Number         0  nrf_drv_clock.o ABSOLUTE
    ..\\..\\..\\..\\..\\..\\components\\drivers_nrf\\common\\nrf_drv_common.c 0x00000000   Number         0  nrf_drv_common.o ABSOLUTE
    ..\\..\\..\\..\\..\\..\\components\\drivers_nrf\\gpiote\\nrf_drv_gpiote.c 0x00000000   Number         0  nrf_drv_gpiote.o ABSOLUTE
    ..\\..\\..\\..\\..\\..\\components\\drivers_nrf\\nrf_soc_nosd\\nrf_nvic.c 0x00000000   Number         0  nrf_nvic.o ABSOLUTE
    ..\\..\\..\\..\\..\\..\\components\\drivers_nrf\\nrf_soc_nosd\\nrf_soc.c 0x00000000   Number         0  nrf_soc.o ABSOLUTE
    ..\\..\\..\\..\\..\\..\\components\\drivers_nrf\\pwm\\nrf_drv_pwm.c 0x00000000   Number         0  nrf_drv_pwm.o ABSOLUTE
    ..\\..\\..\\..\\..\\..\\components\\drivers_nrf\\uart\\nrf_drv_uart.c 0x00000000   Number         0  nrf_drv_uart.o ABSOLUTE
    ..\\..\\..\\..\\..\\..\\components\\libraries\\bsp\\bsp.c 0x00000000   Number         0  bsp.o ABSOLUTE
    ..\\..\\..\\..\\..\\..\\components\\libraries\\bsp\\bsp_nfc.c 0x00000000   Number         0  bsp_nfc.o ABSOLUTE
    ..\\..\\..\\..\\..\\..\\components\\libraries\\button\\app_button.c 0x00000000   Number         0  app_button.o ABSOLUTE
    ..\\..\\..\\..\\..\\..\\components\\libraries\\log\\src\\nrf_log_backend_serial.c 0x00000000   Number         0  nrf_log_backend_serial.o ABSOLUTE
    ..\\..\\..\\..\\..\\..\\components\\libraries\\log\\src\\nrf_log_frontend.c 0x00000000   Number         0  nrf_log_frontend.o ABSOLUTE
    ..\\..\\..\\..\\..\\..\\components\\libraries\\scheduler\\app_scheduler.c 0x00000000   Number         0  app_scheduler.o ABSOLUTE
    ..\\..\\..\\..\\..\\..\\components\\libraries\\strerror\\nrf_strerror.c 0x00000000   Number         0  nrf_strerror.o ABSOLUTE
    ..\\..\\..\\..\\..\\..\\components\\libraries\\timer\\app_timer.c 0x00000000   Number         0  app_timer.o ABSOLUTE
    ..\\..\\..\\..\\..\\..\\components\\libraries\\util\\app_error.c 0x00000000   Number         0  app_error.o ABSOLUTE
    ..\\..\\..\\..\\..\\..\\components\\libraries\\util\\app_error_weak.c 0x00000000   Number         0  app_error_weak.o ABSOLUTE
    ..\\..\\..\\..\\..\\..\\components\\libraries\\util\\app_util_platform.c 0x00000000   Number         0  app_util_platform.o ABSOLUTE
    ..\\..\\..\\..\\..\\..\\components\\libraries\\util\\nrf_assert.c 0x00000000   Number         0  nrf_assert.o ABSOLUTE
    ..\\..\\..\\..\\..\\..\\external\\segger_rtt\\SEGGER_RTT.c 0x00000000   Number         0  segger_rtt.o ABSOLUTE
    ..\\..\\..\\main.c                       0x00000000   Number         0  main.o ABSOLUTE
    RTE\Device\nRF52832_xxAA\arm_startup_nrf52.s 0x00000000   Number         0  arm_startup_nrf52.o ABSOLUTE
    RTE\Device\nRF52832_xxAA\system_nrf52.c  0x00000000   Number         0  system_nrf52.o ABSOLUTE
    RTE\\Device\\nRF52832_xxAA\\system_nrf52.c 0x00000000   Number         0  system_nrf52.o ABSOLUTE
    cdrcmple.s                               0x00000000   Number         0  cdrcmple.o ABSOLUTE
    dc.s                                     0x00000000   Number         0  dc.o ABSOLUTE
    handlers.s                               0x00000000   Number         0  handlers.o ABSOLUTE
    init.s                                   0x00000000   Number         0  init.o ABSOLUTE
    .ARM.Collect$$$$00000000                 0x00000200   Section        0  entry.o(.ARM.Collect$$$$00000000)
    .ARM.Collect$$$$00000001                 0x00000200   Section        4  entry2.o(.ARM.Collect$$$$00000001)
    .ARM.Collect$$$$00000004                 0x00000204   Section        4  entry5.o(.ARM.Collect$$$$00000004)
    .ARM.Collect$$$$00000008                 0x00000208   Section        0  entry7b.o(.ARM.Collect$$$$00000008)
    .ARM.Collect$$$$0000000A                 0x00000208   Section        0  entry8b.o(.ARM.Collect$$$$0000000A)
    .ARM.Collect$$$$0000000B                 0x00000208   Section        8  entry9a.o(.ARM.Collect$$$$0000000B)
    .ARM.Collect$$$$0000000E                 0x00000210   Section        4  entry12b.o(.ARM.Collect$$$$0000000E)
    .ARM.Collect$$$$0000000F                 0x00000214   Section        0  entry10a.o(.ARM.Collect$$$$0000000F)
    .ARM.Collect$$$$00000011                 0x00000214   Section        0  entry11a.o(.ARM.Collect$$$$00000011)
    .ARM.Collect$$$$00002712                 0x00000214   Section        4  entry2.o(.ARM.Collect$$$$00002712)
    __lit__00000000                          0x00000214   Data           4  entry2.o(.ARM.Collect$$$$00002712)
    .text                                    0x00000218   Section       36  arm_startup_nrf52.o(.text)
    $v0                                      0x00000218   Number         0  arm_startup_nrf52.o(.text)
    .text                                    0x0000023c   Section        0  uldiv.o(.text)
    .text                                    0x000002a0   Section        0  ctype_o.o(.text)
    .text                                    0x000002a8   Section        0  memcpya.o(.text)
    .text                                    0x000002cc   Section        0  strlen.o(.text)
    .text                                    0x000002da   Section        0  llshl.o(.text)
    .text                                    0x000002f8   Section        0  llushr.o(.text)
    .text                                    0x00000318   Section       36  init.o(.text)
    i.GPIOTE_IRQHandler                      0x0000033c   Section        0  nrf_drv_gpiote.o(i.GPIOTE_IRQHandler)
    i.NVIC_ClearPendingIRQ                   0x000004b0   Section        0  app_timer.o(i.NVIC_ClearPendingIRQ)
    NVIC_ClearPendingIRQ                     0x000004b1   Thumb Code    22  app_timer.o(i.NVIC_ClearPendingIRQ)
    i.NVIC_EnableIRQ                         0x000004c6   Section        0  app_timer.o(i.NVIC_EnableIRQ)
    NVIC_EnableIRQ                           0x000004c7   Thumb Code    22  app_timer.o(i.NVIC_EnableIRQ)
    i.NVIC_SetPendingIRQ                     0x000004dc   Section        0  app_timer.o(i.NVIC_SetPendingIRQ)
    NVIC_SetPendingIRQ                       0x000004dd   Thumb Code    22  app_timer.o(i.NVIC_SetPendingIRQ)
    i.NVIC_SetPriority                       0x000004f2   Section        0  app_timer.o(i.NVIC_SetPriority)
    NVIC_SetPriority                         0x000004f3   Thumb Code    32  app_timer.o(i.NVIC_SetPriority)
    i.POWER_CLOCK_IRQHandler                 0x00000514   Section        0  nrf_drv_clock.o(i.POWER_CLOCK_IRQHandler)
    i.PWM0_IRQHandler                        0x0000056c   Section        0  nrf_drv_pwm.o(i.PWM0_IRQHandler)
    i.PWM1_IRQHandler                        0x0000057c   Section        0  nrf_drv_pwm.o(i.PWM1_IRQHandler)
    i.PWM2_IRQHandler                        0x0000058c   Section        0  nrf_drv_pwm.o(i.PWM2_IRQHandler)
    i.RTC1_IRQHandler                        0x0000059c   Section        0  app_timer.o(i.RTC1_IRQHandler)
    i.SWI0_EGU0_IRQHandler                   0x000005c0   Section        0  app_timer.o(i.SWI0_EGU0_IRQHandler)
    i.SystemInit                             0x000005c4   Section        0  system_nrf52.o(i.SystemInit)
    i.UARTE0_UART0_IRQHandler                0x00000890   Section        0  nrf_drv_uart.o(i.UARTE0_UART0_IRQHandler)
    i.__0snprintf$8                          0x000008ac   Section        0  printf8.o(i.__0snprintf$8)
    i.__scatterload_copy                     0x000008e0   Section       14  handlers.o(i.__scatterload_copy)
    i.__scatterload_null                     0x000008ee   Section        2  handlers.o(i.__scatterload_null)
    i.__scatterload_zeroinit                 0x000008f0   Section       14  handlers.o(i.__scatterload_zeroinit)
    i._printf_core                           0x00000900   Section        0  printf8.o(i._printf_core)
    _printf_core                             0x00000901   Thumb Code   984  printf8.o(i._printf_core)
    i._printf_post_padding                   0x00000d04   Section        0  printf8.o(i._printf_post_padding)
    _printf_post_padding                     0x00000d05   Thumb Code    36  printf8.o(i._printf_post_padding)
    i._printf_pre_padding                    0x00000d28   Section        0  printf8.o(i._printf_pre_padding)
    _printf_pre_padding                      0x00000d29   Thumb Code    46  printf8.o(i._printf_pre_padding)
    i._snputc                                0x00000d56   Section        0  printf8.o(i._snputc)
    _snputc                                  0x00000d57   Thumb Code    22  printf8.o(i._snputc)
    i.alert_timer_handler                    0x00000d6c   Section        0  bsp.o(i.alert_timer_handler)
    alert_timer_handler                      0x00000d6d   Thumb Code     6  bsp.o(i.alert_timer_handler)
    i.app_button_enable                      0x00000d74   Section        0  app_button.o(i.app_button_enable)
    i.app_button_init                        0x00000d98   Section        0  app_button.o(i.app_button_init)
    i.app_error_fault_handler                0x00000e08   Section        0  main.o(i.app_error_fault_handler)
    i.app_error_handler_bare                 0x00000e22   Section        0  app_error.o(i.app_error_handler_bare)
    i.app_error_save_and_stop                0x00000e38   Section        0  app_error.o(i.app_error_save_and_stop)
    i.app_timer_create                       0x00000e9c   Section        0  app_timer.o(i.app_timer_create)
    i.app_timer_init                         0x00000ec4   Section        0  app_timer.o(i.app_timer_init)
    i.app_timer_start                        0x00000f18   Section        0  app_timer.o(i.app_timer_start)
    i.app_timer_stop                         0x00000f98   Section        0  app_timer.o(i.app_timer_stop)
    i.app_util_critical_region_enter         0x00000fb8   Section        0  app_util_platform.o(i.app_util_critical_region_enter)
    i.app_util_critical_region_exit          0x00000fbc   Section        0  app_util_platform.o(i.app_util_critical_region_exit)
    i.app_util_disable_irq                   0x00000fc0   Section        0  app_util_platform.o(i.app_util_disable_irq)
    i.app_util_enable_irq                    0x00000fd0   Section        0  app_util_platform.o(i.app_util_enable_irq)
    i.apply_config                           0x00000fe4   Section        0  nrf_drv_uart.o(i.apply_config)
    apply_config                             0x00000fe5   Thumb Code   180  nrf_drv_uart.o(i.apply_config)
    i.bsp_board_led_invert                   0x0000109c   Section        0  boards.o(i.bsp_board_led_invert)
    i.bsp_board_led_off                      0x000010c0   Section        0  boards.o(i.bsp_board_led_off)
    i.bsp_board_led_on                       0x000010d0   Section        0  boards.o(i.bsp_board_led_on)
    i.bsp_board_led_state_get                0x000010e0   Section        0  boards.o(i.bsp_board_led_state_get)
    i.bsp_board_leds_init                    0x00001100   Section        0  boards.o(i.bsp_board_leds_init)
    i.bsp_board_leds_off                     0x0000112c   Section        0  boards.o(i.bsp_board_leds_off)
    i.bsp_board_leds_on                      0x0000113e   Section        0  boards.o(i.bsp_board_leds_on)
    i.bsp_board_pin_to_button_idx            0x00001150   Section        0  boards.o(i.bsp_board_pin_to_button_idx)
    i.bsp_button_event_handler               0x00001174   Section        0  bsp.o(i.bsp_button_event_handler)
    bsp_button_event_handler                 0x00001175   Thumb Code   132  bsp.o(i.bsp_button_event_handler)
    i.bsp_buttons_enable                     0x00001204   Section        0  bsp.o(i.bsp_buttons_enable)
    i.bsp_event_to_button_action_assign      0x00001208   Section        0  bsp.o(i.bsp_event_to_button_action_assign)
    i.bsp_evt_handler                        0x0000124c   Section        0  main.o(i.bsp_evt_handler)
    bsp_evt_handler                          0x0000124d   Thumb Code   110  main.o(i.bsp_evt_handler)
    i.bsp_init                               0x000012c4   Section        0  bsp.o(i.bsp_init)
    i.bsp_led_indication                     0x00001358   Section        0  bsp.o(i.bsp_led_indication)
    bsp_led_indication                       0x00001359   Thumb Code   432  bsp.o(i.bsp_led_indication)
    i.buf_len_update                         0x00001510   Section        0  nrf_log_backend_serial.o(i.buf_len_update)
    buf_len_update                           0x00001511   Thumb Code    18  nrf_log_backend_serial.o(i.buf_len_update)
    i.buf_prealloc                           0x00001524   Section        0  nrf_log_frontend.o(i.buf_prealloc)
    buf_prealloc                             0x00001525   Thumb Code    84  nrf_log_frontend.o(i.buf_prealloc)
    i.buffer_is_empty                        0x00001584   Section        0  nrf_log_frontend.o(i.buffer_is_empty)
    i.button_timer_handler                   0x00001598   Section        0  bsp.o(i.button_timer_handler)
    button_timer_handler                     0x00001599   Thumb Code     8  bsp.o(i.button_timer_handler)
    i.channel_free                           0x000015a0   Section        0  nrf_drv_gpiote.o(i.channel_free)
    channel_free                             0x000015a1   Thumb Code    22  nrf_drv_gpiote.o(i.channel_free)
    i.channel_port_alloc                     0x000015bc   Section        0  nrf_drv_gpiote.o(i.channel_port_alloc)
    channel_port_alloc                       0x000015bd   Thumb Code    66  nrf_drv_gpiote.o(i.channel_port_alloc)
    i.channel_port_get                       0x00001604   Section        0  nrf_drv_gpiote.o(i.channel_port_get)
    channel_port_get                         0x00001605   Thumb Code    10  nrf_drv_gpiote.o(i.channel_port_get)
    i.clock_clk_started_notify               0x00001614   Section        0  nrf_drv_clock.o(i.clock_clk_started_notify)
    clock_clk_started_notify                 0x00001615   Thumb Code    34  nrf_drv_clock.o(i.clock_clk_started_notify)
    i.compare_reg_update                     0x0000163c   Section        0  app_timer.o(i.compare_reg_update)
    compare_reg_update                       0x0000163d   Thumb Code   160  app_timer.o(i.compare_reg_update)
    i.configure_pins                         0x000016e8   Section        0  nrf_drv_pwm.o(i.configure_pins)
    configure_pins                           0x000016e9   Thumb Code   102  nrf_drv_pwm.o(i.configure_pins)
    i.demo1                                  0x00001750   Section        0  main.o(i.demo1)
    demo1                                    0x00001751   Thumb Code    78  main.o(i.demo1)
    i.demo1_handler                          0x000017c0   Section        0  main.o(i.demo1_handler)
    demo1_handler                            0x000017c1   Thumb Code    78  main.o(i.demo1_handler)
    i.demo2                                  0x00001814   Section        0  main.o(i.demo2)
    demo2                                    0x00001815   Thumb Code   124  main.o(i.demo2)
    i.demo3                                  0x000018b0   Section        0  main.o(i.demo3)
    demo3                                    0x000018b1   Thumb Code    80  main.o(i.demo3)
    i.demo4                                  0x0000191c   Section        0  main.o(i.demo4)
    demo4                                    0x0000191d   Thumb Code   342  main.o(i.demo4)
    i.demo5                                  0x00001a94   Section        0  main.o(i.demo5)
    demo5                                    0x00001a95   Thumb Code    80  main.o(i.demo5)
    i.detection_delay_timeout_handler        0x00001b00   Section        0  app_button.o(i.detection_delay_timeout_handler)
    detection_delay_timeout_handler          0x00001b01   Thumb Code    92  app_button.o(i.detection_delay_timeout_handler)
    i.elapsed_ticks_acquire                  0x00001b60   Section        0  app_timer.o(i.elapsed_ticks_acquire)
    elapsed_ticks_acquire                    0x00001b61   Thumb Code    58  app_timer.o(i.elapsed_ticks_acquire)
    i.gpiote_event_handler                   0x00001ba0   Section        0  app_button.o(i.gpiote_event_handler)
    gpiote_event_handler                     0x00001ba1   Thumb Code    78  app_button.o(i.gpiote_event_handler)
    i.interrupts_enable                      0x00001bf8   Section        0  nrf_drv_uart.o(i.interrupts_enable)
    interrupts_enable                        0x00001bf9   Thumb Code   106  nrf_drv_uart.o(i.interrupts_enable)
    i.irq_handler                            0x00001c70   Section        0  nrf_drv_pwm.o(i.irq_handler)
    irq_handler                              0x00001c71   Thumb Code   156  nrf_drv_pwm.o(i.irq_handler)
    i.item_enqueue                           0x00001d0c   Section        0  nrf_drv_clock.o(i.item_enqueue)
    item_enqueue                             0x00001d0d   Thumb Code    22  nrf_drv_clock.o(i.item_enqueue)
    i.leds_off                               0x00001d24   Section        0  bsp.o(i.leds_off)
    leds_off                                 0x00001d25   Thumb Code    42  bsp.o(i.leds_off)
    i.leds_timer_handler                     0x00001d54   Section        0  bsp.o(i.leds_timer_handler)
    leds_timer_handler                       0x00001d55   Thumb Code    16  bsp.o(i.leds_timer_handler)
    i.list_insertions_handler                0x00001d68   Section        0  app_timer.o(i.list_insertions_handler)
    list_insertions_handler                  0x00001d69   Thumb Code   234  app_timer.o(i.list_insertions_handler)
    i.main                                   0x00001e60   Section        0  main.o(i.main)
    i.nrf_bitmask_bit_is_set                 0x00001ed8   Section        0  nrf_drv_gpiote.o(i.nrf_bitmask_bit_is_set)
    nrf_bitmask_bit_is_set                   0x00001ed9   Thumb Code    16  nrf_drv_gpiote.o(i.nrf_bitmask_bit_is_set)
    i.nrf_clock_event_check                  0x00001ee8   Section        0  nrf_drv_clock.o(i.nrf_clock_event_check)
    nrf_clock_event_check                    0x00001ee9   Thumb Code    14  nrf_drv_clock.o(i.nrf_clock_event_check)
    i.nrf_clock_event_clear                  0x00001ef6   Section        0  nrf_drv_clock.o(i.nrf_clock_event_clear)
    nrf_clock_event_clear                    0x00001ef7   Thumb Code    16  nrf_drv_clock.o(i.nrf_clock_event_clear)
    i.nrf_delay_us                           0x00001f08   Section        0  app_timer.o(i.nrf_delay_us)
    nrf_delay_us                             0x00001f09   Thumb Code   132  app_timer.o(i.nrf_delay_us)
    i.nrf_drv_clock_init                     0x00001f94   Section        0  nrf_drv_clock.o(i.nrf_drv_clock_init)
    i.nrf_drv_clock_lfclk_request            0x00001fd8   Section        0  nrf_drv_clock.o(i.nrf_drv_clock_lfclk_request)
    i.nrf_drv_common_irq_disable             0x00002038   Section        0  nrf_drv_uart.o(i.nrf_drv_common_irq_disable)
    nrf_drv_common_irq_disable               0x00002039   Thumb Code    22  nrf_drv_uart.o(i.nrf_drv_common_irq_disable)
    i.nrf_drv_common_irq_enable              0x0000204e   Section        0  nrf_drv_common.o(i.nrf_drv_common_irq_enable)
    i.nrf_drv_get_IRQn                       0x00002086   Section        0  nrf_drv_uart.o(i.nrf_drv_get_IRQn)
    nrf_drv_get_IRQn                         0x00002087   Thumb Code     6  nrf_drv_uart.o(i.nrf_drv_get_IRQn)
    i.nrf_drv_gpiote_in_event_enable         0x0000208c   Section        0  nrf_drv_gpiote.o(i.nrf_drv_gpiote_in_event_enable)
    i.nrf_drv_gpiote_in_init                 0x00002130   Section        0  nrf_drv_gpiote.o(i.nrf_drv_gpiote_in_init)
    i.nrf_drv_gpiote_in_is_set               0x000021e8   Section        0  nrf_drv_gpiote.o(i.nrf_drv_gpiote_in_is_set)
    i.nrf_drv_gpiote_init                    0x000021fc   Section        0  nrf_drv_gpiote.o(i.nrf_drv_gpiote_init)
    i.nrf_drv_gpiote_is_init                 0x00002258   Section        0  nrf_drv_gpiote.o(i.nrf_drv_gpiote_is_init)
    i.nrf_drv_is_in_RAM                      0x0000226c   Section        0  nrf_drv_uart.o(i.nrf_drv_is_in_RAM)
    nrf_drv_is_in_RAM                        0x0000226d   Thumb Code    16  nrf_drv_uart.o(i.nrf_drv_is_in_RAM)
    i.nrf_drv_pwm_complex_playback           0x0000227c   Section        0  nrf_drv_pwm.o(i.nrf_drv_pwm_complex_playback)
    i.nrf_drv_pwm_init                       0x000022d8   Section        0  nrf_drv_pwm.o(i.nrf_drv_pwm_init)
    i.nrf_drv_pwm_simple_playback            0x00002378   Section        0  nrf_drv_pwm.o(i.nrf_drv_pwm_simple_playback)
    i.nrf_drv_pwm_uninit                     0x000023e8   Section        0  nrf_drv_pwm.o(i.nrf_drv_pwm_uninit)
    i.nrf_drv_uart_init                      0x0000241c   Section        0  nrf_drv_uart.o(i.nrf_drv_uart_init)
    i.nrf_drv_uart_tx                        0x00002484   Section        0  nrf_drv_uart.o(i.nrf_drv_uart_tx)
    i.nrf_drv_uart_tx_in_progress            0x00002590   Section        0  nrf_drv_uart.o(i.nrf_drv_uart_tx_in_progress)
    i.nrf_drv_uart_uninit                    0x000025a8   Section        0  nrf_drv_uart.o(i.nrf_drv_uart_uninit)
    i.nrf_gpio_cfg                           0x000025fc   Section        0  boards.o(i.nrf_gpio_cfg)
    nrf_gpio_cfg                             0x000025fd   Thumb Code    36  boards.o(i.nrf_gpio_cfg)
    i.nrf_gpio_cfg                           0x00002620   Section        0  nrf_drv_gpiote.o(i.nrf_gpio_cfg)
    nrf_gpio_cfg                             0x00002621   Thumb Code    36  nrf_drv_gpiote.o(i.nrf_gpio_cfg)
    i.nrf_gpio_cfg                           0x00002644   Section        0  nrf_drv_uart.o(i.nrf_gpio_cfg)
    nrf_gpio_cfg                             0x00002645   Thumb Code    36  nrf_drv_uart.o(i.nrf_gpio_cfg)
    i.nrf_gpio_cfg_default                   0x00002668   Section        0  nrf_drv_uart.o(i.nrf_gpio_cfg_default)
    nrf_gpio_cfg_default                     0x00002669   Thumb Code    18  nrf_drv_uart.o(i.nrf_gpio_cfg_default)
    i.nrf_gpio_cfg_input                     0x0000267a   Section        0  nrf_drv_uart.o(i.nrf_gpio_cfg_input)
    nrf_gpio_cfg_input                       0x0000267b   Thumb Code    18  nrf_drv_uart.o(i.nrf_gpio_cfg_input)
    i.nrf_gpio_cfg_output                    0x0000268c   Section        0  nrf_drv_uart.o(i.nrf_gpio_cfg_output)
    nrf_gpio_cfg_output                      0x0000268d   Thumb Code    20  nrf_drv_uart.o(i.nrf_gpio_cfg_output)
    i.nrf_gpio_cfg_sense_set                 0x000026a0   Section        0  nrf_drv_gpiote.o(i.nrf_gpio_cfg_sense_set)
    nrf_gpio_cfg_sense_set                   0x000026a1   Thumb Code    34  nrf_drv_gpiote.o(i.nrf_gpio_cfg_sense_set)
    i.nrf_gpio_pin_write                     0x000026c2   Section        0  boards.o(i.nrf_gpio_pin_write)
    nrf_gpio_pin_write                       0x000026c3   Thumb Code    22  boards.o(i.nrf_gpio_pin_write)
    i.nrf_gpio_ports_read                    0x000026d8   Section        0  nrf_drv_gpiote.o(i.nrf_gpio_ports_read)
    nrf_gpio_ports_read                      0x000026d9   Thumb Code    34  nrf_drv_gpiote.o(i.nrf_gpio_ports_read)
    i.nrf_gpiote_event_clear                 0x00002700   Section        0  nrf_drv_gpiote.o(i.nrf_gpiote_event_clear)
    nrf_gpiote_event_clear                   0x00002701   Thumb Code    16  nrf_drv_gpiote.o(i.nrf_gpiote_event_clear)
    i.nrf_gpiote_event_is_set                0x00002714   Section        0  nrf_drv_gpiote.o(i.nrf_gpiote_event_is_set)
    nrf_gpiote_event_is_set                  0x00002715   Thumb Code    12  nrf_drv_gpiote.o(i.nrf_gpiote_event_is_set)
    i.nrf_log_backend_hexdump_handler_get    0x00002724   Section        0  nrf_log_backend_serial.o(i.nrf_log_backend_hexdump_handler_get)
    i.nrf_log_backend_init                   0x0000272c   Section        0  nrf_log_backend_serial.o(i.nrf_log_backend_init)
    i.nrf_log_backend_serial_hexdump_handler 0x0000279c   Section        0  nrf_log_backend_serial.o(i.nrf_log_backend_serial_hexdump_handler)
    nrf_log_backend_serial_hexdump_handler   0x0000279d   Thumb Code   302  nrf_log_backend_serial.o(i.nrf_log_backend_serial_hexdump_handler)
    i.nrf_log_backend_serial_std_handler     0x000028ca   Section        0  nrf_log_backend_serial.o(i.nrf_log_backend_serial_std_handler)
    nrf_log_backend_serial_std_handler       0x000028cb   Thumb Code   276  nrf_log_backend_serial.o(i.nrf_log_backend_serial_std_handler)
    i.nrf_log_backend_std_handler_get        0x000029e0   Section        0  nrf_log_backend_serial.o(i.nrf_log_backend_std_handler_get)
    i.nrf_log_frontend_dequeue               0x000029e8   Section        0  nrf_log_frontend.o(i.nrf_log_frontend_dequeue)
    i.nrf_log_frontend_init                  0x00002b18   Section        0  nrf_log_frontend.o(i.nrf_log_frontend_init)
    i.nrf_log_frontend_std_0                 0x00002b2c   Section        0  nrf_log_frontend.o(i.nrf_log_frontend_std_0)
    i.nrf_log_handlers_set                   0x00002b78   Section        0  nrf_log_frontend.o(i.nrf_log_handlers_set)
    i.nrf_log_init                           0x00002b88   Section        0  nrf_log_frontend.o(i.nrf_log_init)
    i.nrf_pwm_event_check                    0x00002bac   Section        0  nrf_drv_pwm.o(i.nrf_pwm_event_check)
    nrf_pwm_event_check                      0x00002bad   Thumb Code    10  nrf_drv_pwm.o(i.nrf_pwm_event_check)
    i.nrf_pwm_event_clear                    0x00002bb6   Section        0  nrf_drv_pwm.o(i.nrf_pwm_event_clear)
    nrf_pwm_event_clear                      0x00002bb7   Thumb Code    12  nrf_drv_pwm.o(i.nrf_pwm_event_clear)
    i.nrf_pwm_sequence_set                   0x00002bc2   Section        0  nrf_drv_pwm.o(i.nrf_pwm_sequence_set)
    nrf_pwm_sequence_set                     0x00002bc3   Thumb Code    30  nrf_drv_pwm.o(i.nrf_pwm_sequence_set)
    i.nrf_uart_event_check                   0x00002be0   Section        0  nrf_drv_uart.o(i.nrf_uart_event_check)
    nrf_uart_event_check                     0x00002be1   Thumb Code    10  nrf_drv_uart.o(i.nrf_uart_event_check)
    i.nrf_uart_event_clear                   0x00002bea   Section        0  nrf_drv_uart.o(i.nrf_uart_event_clear)
    nrf_uart_event_clear                     0x00002beb   Thumb Code    12  nrf_drv_uart.o(i.nrf_uart_event_clear)
    i.nrf_uart_int_enable_check              0x00002bf6   Section        0  nrf_drv_uart.o(i.nrf_uart_int_enable_check)
    nrf_uart_int_enable_check                0x00002bf7   Thumb Code    12  nrf_drv_uart.o(i.nrf_uart_int_enable_check)
    i.nrf_uarte_event_check                  0x00002c02   Section        0  nrf_drv_uart.o(i.nrf_uarte_event_check)
    nrf_uarte_event_check                    0x00002c03   Thumb Code    10  nrf_drv_uart.o(i.nrf_uarte_event_check)
    i.nrf_uarte_event_clear                  0x00002c0c   Section        0  nrf_drv_uart.o(i.nrf_uarte_event_clear)
    nrf_uarte_event_clear                    0x00002c0d   Thumb Code    12  nrf_drv_uart.o(i.nrf_uarte_event_clear)
    i.pin_in_use_by_port                     0x00002c18   Section        0  nrf_drv_gpiote.o(i.pin_in_use_by_port)
    pin_in_use_by_port                       0x00002c19   Thumb Code    20  nrf_drv_gpiote.o(i.pin_in_use_by_port)
    i.pin_in_use_by_te                       0x00002c30   Section        0  nrf_drv_gpiote.o(i.pin_in_use_by_te)
    pin_in_use_by_te                         0x00002c31   Thumb Code    20  nrf_drv_gpiote.o(i.pin_in_use_by_te)
    i.pins_to_default                        0x00002c48   Section        0  nrf_drv_uart.o(i.pins_to_default)
    pins_to_default                          0x00002c49   Thumb Code   114  nrf_drv_uart.o(i.pins_to_default)
    i.rtc1_stop                              0x00002cc0   Section        0  app_timer.o(i.rtc1_stop)
    rtc1_stop                                0x00002cc1   Thumb Code    52  app_timer.o(i.rtc1_stop)
    i.rx_byte                                0x00002cfc   Section        0  nrf_drv_uart.o(i.rx_byte)
    rx_byte                                  0x00002cfd   Thumb Code    50  nrf_drv_uart.o(i.rx_byte)
    i.rx_done_event                          0x00002d2e   Section        0  nrf_drv_uart.o(i.rx_done_event)
    rx_done_event                            0x00002d2f   Thumb Code    24  nrf_drv_uart.o(i.rx_done_event)
    i.serial_is_busy                         0x00002d48   Section        0  nrf_log_backend_serial.o(i.serial_is_busy)
    serial_is_busy                           0x00002d49   Thumb Code     6  nrf_log_backend_serial.o(i.serial_is_busy)
    i.serial_tx                              0x00002d54   Section        0  nrf_log_backend_serial.o(i.serial_tx)
    serial_tx                                0x00002d55   Thumb Code    34  nrf_log_backend_serial.o(i.serial_tx)
    i.start_playback                         0x00002d80   Section        0  nrf_drv_pwm.o(i.start_playback)
    start_playback                           0x00002d81   Thumb Code    76  nrf_drv_pwm.o(i.start_playback)
    i.timer_list_handler                     0x00002dcc   Section        0  app_timer.o(i.timer_list_handler)
    timer_list_handler                       0x00002dcd   Thumb Code   122  app_timer.o(i.timer_list_handler)
    i.timer_list_insert                      0x00002e4c   Section        0  app_timer.o(i.timer_list_insert)
    timer_list_insert                        0x00002e4d   Thumb Code    56  app_timer.o(i.timer_list_insert)
    i.timer_list_remove                      0x00002e88   Section        0  app_timer.o(i.timer_list_remove)
    timer_list_remove                        0x00002e89   Thumb Code    88  app_timer.o(i.timer_list_remove)
    i.timer_stop_op_schedule                 0x00002ee8   Section        0  app_timer.o(i.timer_stop_op_schedule)
    timer_stop_op_schedule                   0x00002ee9   Thumb Code    60  app_timer.o(i.timer_stop_op_schedule)
    i.timer_timeouts_check                   0x00002f28   Section        0  app_timer.o(i.timer_timeouts_check)
    timer_timeouts_check                     0x00002f29   Thumb Code   106  app_timer.o(i.timer_timeouts_check)
    i.timestamp_process                      0x00002f9c   Section        0  nrf_log_backend_serial.o(i.timestamp_process)
    timestamp_process                        0x00002f9d   Thumb Code    44  nrf_log_backend_serial.o(i.timestamp_process)
    i.tx_byte                                0x00002fd0   Section        0  nrf_drv_uart.o(i.tx_byte)
    tx_byte                                  0x00002fd1   Thumb Code    32  nrf_drv_uart.o(i.tx_byte)
    i.tx_done_event                          0x00002ff0   Section        0  nrf_drv_uart.o(i.tx_done_event)
    tx_done_event                            0x00002ff1   Thumb Code    28  nrf_drv_uart.o(i.tx_done_event)
    i.uart_event_handler                     0x0000300c   Section        0  nrf_log_backend_serial.o(i.uart_event_handler)
    uart_event_handler                       0x0000300d   Thumb Code    12  nrf_log_backend_serial.o(i.uart_event_handler)
    i.uart_irq_handler                       0x0000301c   Section        0  nrf_drv_uart.o(i.uart_irq_handler)
    uart_irq_handler                         0x0000301d   Thumb Code   286  nrf_drv_uart.o(i.uart_irq_handler)
    i.uarte_irq_handler                      0x0000313a   Section        0  nrf_drv_uart.o(i.uarte_irq_handler)
    uarte_irq_handler                        0x0000313b   Thumb Code   240  nrf_drv_uart.o(i.uarte_irq_handler)
    i.user_op_alloc                          0x0000322c   Section        0  app_timer.o(i.user_op_alloc)
    user_op_alloc                            0x0000322d   Thumb Code    42  app_timer.o(i.user_op_alloc)
    .constdata                               0x0000325c   Section      240  main.o(.constdata)
    m_demo1_seq                              0x0000325c   Data          16  main.o(.constdata)
    .constdata                               0x0000334c   Section        8  boards.o(.constdata)
    m_board_led_list                         0x0000334c   Data           4  boards.o(.constdata)
    m_board_btn_list                         0x00003350   Data           4  boards.o(.constdata)
    .constdata                               0x00003354   Section       44  bsp.o(.constdata)
    m_leds_timer_id                          0x00003354   Data           4  bsp.o(.constdata)
    m_alert_timer_id                         0x00003358   Data           4  bsp.o(.constdata)
    m_button_timer_id                        0x0000335c   Data           4  bsp.o(.constdata)
    app_buttons                              0x00003360   Data          32  bsp.o(.constdata)
    .constdata                               0x00003380   Section        4  nrf_drv_gpiote.o(.constdata)
    .constdata                               0x00003384   Section        8  app_button.o(.constdata)
    m_detection_delay_timer_id               0x00003384   Data           4  app_button.o(.constdata)
    .constdata                               0x0000338c   Section       32  nrf_log_backend_serial.o(.constdata)
    .constdata                               0x000033ac   Section       36  nrf_log_frontend.o(.constdata)
    .constdata                               0x000033d0   Section      129  ctype_o.o(.constdata)
    .constdata                               0x00003454   Section        4  ctype_o.o(.constdata)
    table                                    0x00003454   Data           4  ctype_o.o(.constdata)
    .conststring                             0x00003458   Section       11  nrf_log_frontend.o(.conststring)
    .data                                    0x20000000   Section       36  main.o(.data)
    m_used                                   0x20000000   Data           1  main.o(.data)
    demo_idx                                 0x20000001   Data           1  main.o(.data)
    m_demo1_phase                            0x20000002   Data           1  main.o(.data)
    m_pwm0                                   0x20000004   Data           8  main.o(.data)
    m_pwm1                                   0x2000000c   Data           8  main.o(.data)
    m_pwm2                                   0x20000014   Data           8  main.o(.data)
    m_demo1_seq_values                       0x2000001c   Data           8  main.o(.data)
    .data                                    0x20000024   Section       12  main.o(.data)
    seq1_values                              0x20000024   Data          12  main.o(.data)
    .data                                    0x20000030   Section       12  main.o(.data)
    seq_values                               0x20000030   Data          12  main.o(.data)
    .data                                    0x2000003c   Section       16  main.o(.data)
    pwm0_seq_values                          0x2000003c   Data          16  main.o(.data)
    .data                                    0x2000004c   Section        4  main.o(.data)
    stay_off_values                          0x2000004c   Data           4  main.o(.data)
    .data                                    0x20000050   Section       32  main.o(.data)
    seq_values                               0x20000050   Data          32  main.o(.data)
    .data                                    0x20000070   Section       16  bsp.o(.data)
    m_stable_state                           0x20000070   Data           1  bsp.o(.data)
    m_leds_clear                             0x20000071   Data           1  bsp.o(.data)
    m_alert_on                               0x20000072   Data           1  bsp.o(.data)
    current_long_push_pin_no                 0x20000073   Data           1  bsp.o(.data)
    m_indication_type                        0x20000074   Data           4  bsp.o(.data)
    m_registered_callback                    0x20000078   Data           4  bsp.o(.data)
    release_event_at_push                    0x2000007c   Data           4  bsp.o(.data)
    .data                                    0x20000080   Section       20  app_button.o(.data)
    m_button_count                           0x20000080   Data           1  app_button.o(.data)
    mp_buttons                               0x20000084   Data           4  app_button.o(.data)
    m_detection_delay                        0x20000088   Data           4  app_button.o(.data)
    m_pin_state                              0x2000008c   Data           4  app_button.o(.data)
    m_pin_transition                         0x20000090   Data           4  app_button.o(.data)
    .data                                    0x20000094   Section       20  app_timer.o(.data)
    m_ticks_elapsed_q_read_ind               0x20000094   Data           1  app_timer.o(.data)
    m_ticks_elapsed_q_write_ind              0x20000095   Data           1  app_timer.o(.data)
    m_rtc1_running                           0x20000096   Data           1  app_timer.o(.data)
    m_rtc1_reset                             0x20000097   Data           1  app_timer.o(.data)
    mp_timer_id_head                         0x20000098   Data           4  app_timer.o(.data)
    m_ticks_latest                           0x2000009c   Data           4  app_timer.o(.data)
    m_ticks_elapsed                          0x200000a0   Data           8  app_timer.o(.data)
    .data                                    0x200000a8   Section        4  app_util_platform.o(.data)
    m_in_critical_region                     0x200000a8   Data           4  app_util_platform.o(.data)
    .data                                    0x200000ac   Section       12  nrf_log_backend_serial.o(.data)
    m_initialized                            0x200000ac   Data           1  nrf_log_backend_serial.o(.data)
    m_blocking_mode                          0x200000ad   Data           1  nrf_log_backend_serial.o(.data)
    m_rx_done                                0x200000ae   Data           1  nrf_log_backend_serial.o(.data)
    m_uart                                   0x200000b0   Data           8  nrf_log_backend_serial.o(.data)
    .data                                    0x200000b8   Section        4  nrf_log_frontend.o(.data)
    m_overflow_info                          0x200000b8   Data           4  nrf_log_frontend.o(.data)
    .data                                    0x200000bc   Section        4  system_nrf52.o(.data)
    __tagsym$$used                           0x200000bc   Number         0  system_nrf52.o(.data)
    .bss                                     0x200000c0   Section      250  main.o(.bss)
    seq0_values                              0x200000c0   Data          50  main.o(.bss)
    fade_in_out_values                       0x200000f2   Data         200  main.o(.bss)
    .bss                                     0x200001bc   Section       32  bsp.o(.bss)
    m_leds_timer_id_data                     0x200001bc   Data          32  bsp.o(.bss)
    .bss                                     0x200001dc   Section       32  bsp.o(.bss)
    m_alert_timer_id_data                    0x200001dc   Data          32  bsp.o(.bss)
    .bss                                     0x200001fc   Section       12  bsp.o(.bss)
    m_events_list                            0x200001fc   Data          12  bsp.o(.bss)
    .bss                                     0x20000208   Section       32  bsp.o(.bss)
    m_button_timer_id_data                   0x20000208   Data          32  bsp.o(.bss)
    .bss                                     0x20000228   Section       20  nrf_drv_clock.o(.bss)
    m_clock_cb                               0x20000228   Data          20  nrf_drv_clock.o(.bss)
    .bss                                     0x2000023c   Section       88  nrf_drv_gpiote.o(.bss)
    m_cb                                     0x2000023c   Data          88  nrf_drv_gpiote.o(.bss)
    .bss                                     0x20000294   Section       24  nrf_drv_pwm.o(.bss)
    m_cb                                     0x20000294   Data          24  nrf_drv_pwm.o(.bss)
    .bss                                     0x200002ac   Section       32  nrf_drv_uart.o(.bss)
    m_cb                                     0x200002ac   Data          32  nrf_drv_uart.o(.bss)
    .bss                                     0x200002cc   Section       32  app_button.o(.bss)
    m_detection_delay_timer_id_data          0x200002cc   Data          32  app_button.o(.bss)
    .bss                                     0x200002ec   Section       32  app_error.o(.bss)
    m_error_data                             0x200002ec   Data          32  app_error.o(.bss)
    .bss                                     0x2000030c   Section      268  app_timer.o(.bss)
    m_op_queue                               0x2000030c   Data         268  app_timer.o(.bss)
    .bss                                     0x20000418   Section      256  nrf_log_backend_serial.o(.bss)
    m_uart_buffer                            0x20000418   Data         256  nrf_log_backend_serial.o(.bss)
    .bss                                     0x20000518   Section     1048  nrf_log_frontend.o(.bss)
    m_log_data                               0x20000518   Data        1048  nrf_log_frontend.o(.bss)
    STACK                                    0x20000930   Section     8192  arm_startup_nrf52.o(STACK)

    Global Symbols

    Symbol Name                              Value     Ov Type        Size  Object(Section)

    BuildAttributes$$THM_ISAv4$E$P$D$K$B$S$7EM$VFPi3$EXTD16$VFPS$VFMA$PE$A:L22UL41UL21$X:L11$S22US41US21$IEEE1$IW$USESV6$~STKCKD$USESV7$~SHL$OSPACE$ROPI$EBA8$MICROLIB$REQ8$PRES8$EABIv2 0x00000000   Number         0  anon$$obj.o ABSOLUTE
    __ARM_use_no_argv                        0x00000000   Number         0  main.o ABSOLUTE
    __Vectors                                0x00000000   Data           4  arm_startup_nrf52.o(RESET)
    _printf_a                                0x00000000   Number         0  stubs.o ABSOLUTE
    _printf_c                                0x00000000   Number         0  stubs.o ABSOLUTE
    _printf_charcount                        0x00000000   Number         0  stubs.o ABSOLUTE
    _printf_d                                0x00000000   Number         0  stubs.o ABSOLUTE
    _printf_e                                0x00000000   Number         0  stubs.o ABSOLUTE
    _printf_f                                0x00000000   Number         0  stubs.o ABSOLUTE
    _printf_flags                            0x00000000   Number         0  stubs.o ABSOLUTE
    _printf_fp_dec                           0x00000000   Number         0  stubs.o ABSOLUTE
    _printf_fp_hex                           0x00000000   Number         0  stubs.o ABSOLUTE
    _printf_g                                0x00000000   Number         0  stubs.o ABSOLUTE
    _printf_i                                0x00000000   Number         0  stubs.o ABSOLUTE
    _printf_int_dec                          0x00000000   Number         0  stubs.o ABSOLUTE
    _printf_l                                0x00000000   Number         0  stubs.o ABSOLUTE
    _printf_lc                               0x00000000   Number         0  stubs.o ABSOLUTE
    _printf_ll                               0x00000000   Number         0  stubs.o ABSOLUTE
    _printf_lld                              0x00000000   Number         0  stubs.o ABSOLUTE
    _printf_lli                              0x00000000   Number         0  stubs.o ABSOLUTE
    _printf_llo                              0x00000000   Number         0  stubs.o ABSOLUTE
    _printf_llu                              0x00000000   Number         0  stubs.o ABSOLUTE
    _printf_llx                              0x00000000   Number         0  stubs.o ABSOLUTE
    _printf_longlong_dec                     0x00000000   Number         0  stubs.o ABSOLUTE
    _printf_longlong_hex                     0x00000000   Number         0  stubs.o ABSOLUTE
    _printf_longlong_oct                     0x00000000   Number         0  stubs.o ABSOLUTE
    _printf_ls                               0x00000000   Number         0  stubs.o ABSOLUTE
    _printf_mbtowc                           0x00000000   Number         0  stubs.o ABSOLUTE
    _printf_n                                0x00000000   Number         0  stubs.o ABSOLUTE
    _printf_o                                0x00000000   Number         0  stubs.o ABSOLUTE
    _printf_p                                0x00000000   Number         0  stubs.o ABSOLUTE
    _printf_percent                          0x00000000   Number         0  stubs.o ABSOLUTE
    _printf_pre_padding                      0x00000000   Number         0  stubs.o ABSOLUTE
    _printf_return_value                     0x00000000   Number         0  stubs.o ABSOLUTE
    _printf_s                                0x00000000   Number         0  stubs.o ABSOLUTE
    _printf_sizespec                         0x00000000   Number         0  stubs.o ABSOLUTE
    _printf_str                              0x00000000   Number         0  stubs.o ABSOLUTE
    _printf_truncate_signed                  0x00000000   Number         0  stubs.o ABSOLUTE
    _printf_truncate_unsigned                0x00000000   Number         0  stubs.o ABSOLUTE
    _printf_u                                0x00000000   Number         0  stubs.o ABSOLUTE
    _printf_wc                               0x00000000   Number         0  stubs.o ABSOLUTE
    _printf_wctomb                           0x00000000   Number         0  stubs.o ABSOLUTE
    _printf_widthprec                        0x00000000   Number         0  stubs.o ABSOLUTE
    _printf_x                                0x00000000   Number         0  stubs.o ABSOLUTE
    __arm_fini_                               - Undefined Weak Reference
    __cpp_initialize__aeabi_                  - Undefined Weak Reference
    __cxa_finalize                            - Undefined Weak Reference
    __decompress                              - Undefined Weak Reference
    _clock_init                               - Undefined Weak Reference
    _microlib_exit                            - Undefined Weak Reference
    __Vectors_End                            0x00000200   Data           0  arm_startup_nrf52.o(RESET)
    __Vectors_Size                           0x00000200   Number         0  arm_startup_nrf52.o ABSOLUTE
    __main                                   0x00000201   Thumb Code     0  entry.o(.ARM.Collect$$$$00000000)
    _main_stk                                0x00000201   Thumb Code     0  entry2.o(.ARM.Collect$$$$00000001)
    _main_scatterload                        0x00000205   Thumb Code     0  entry5.o(.ARM.Collect$$$$00000004)
    __main_after_scatterload                 0x00000209   Thumb Code     0  entry5.o(.ARM.Collect$$$$00000004)
    _main_clock                              0x00000209   Thumb Code     0  entry7b.o(.ARM.Collect$$$$00000008)
    _main_cpp_init                           0x00000209   Thumb Code     0  entry8b.o(.ARM.Collect$$$$0000000A)
    _main_init                               0x00000209   Thumb Code     0  entry9a.o(.ARM.Collect$$$$0000000B)
    __rt_lib_shutdown_fini                   0x00000211   Thumb Code     0  entry12b.o(.ARM.Collect$$$$0000000E)
    __rt_final_cpp                           0x00000215   Thumb Code     0  entry10a.o(.ARM.Collect$$$$0000000F)
    __rt_final_exit                          0x00000215   Thumb Code     0  entry11a.o(.ARM.Collect$$$$00000011)
    Reset_Handler                            0x00000219   Thumb Code     8  arm_startup_nrf52.o(.text)
    NMI_Handler                              0x00000221   Thumb Code     2  arm_startup_nrf52.o(.text)
    HardFault_Handler                        0x00000223   Thumb Code     2  arm_startup_nrf52.o(.text)
    MemoryManagement_Handler                 0x00000225   Thumb Code     2  arm_startup_nrf52.o(.text)
    BusFault_Handler                         0x00000227   Thumb Code     2  arm_startup_nrf52.o(.text)
    UsageFault_Handler                       0x00000229   Thumb Code     2  arm_startup_nrf52.o(.text)
    SVC_Handler                              0x0000022b   Thumb Code     2  arm_startup_nrf52.o(.text)
    DebugMon_Handler                         0x0000022d   Thumb Code     2  arm_startup_nrf52.o(.text)
    PendSV_Handler                           0x0000022f   Thumb Code     2  arm_startup_nrf52.o(.text)
    SysTick_Handler                          0x00000231   Thumb Code     2  arm_startup_nrf52.o(.text)
    CCM_AAR_IRQHandler                       0x00000233   Thumb Code     0  arm_startup_nrf52.o(.text)
    COMP_LPCOMP_IRQHandler                   0x00000233   Thumb Code     0  arm_startup_nrf52.o(.text)
    ECB_IRQHandler                           0x00000233   Thumb Code     0  arm_startup_nrf52.o(.text)
    FPU_IRQHandler                           0x00000233   Thumb Code     0  arm_startup_nrf52.o(.text)
    I2S_IRQHandler                           0x00000233   Thumb Code     0  arm_startup_nrf52.o(.text)
    MWU_IRQHandler                           0x00000233   Thumb Code     0  arm_startup_nrf52.o(.text)
    NFCT_IRQHandler                          0x00000233   Thumb Code     0  arm_startup_nrf52.o(.text)
    PDM_IRQHandler                           0x00000233   Thumb Code     0  arm_startup_nrf52.o(.text)
    QDEC_IRQHandler                          0x00000233   Thumb Code     0  arm_startup_nrf52.o(.text)
    RADIO_IRQHandler                         0x00000233   Thumb Code     0  arm_startup_nrf52.o(.text)
    RNG_IRQHandler                           0x00000233   Thumb Code     0  arm_startup_nrf52.o(.text)
    RTC0_IRQHandler                          0x00000233   Thumb Code     0  arm_startup_nrf52.o(.text)
    RTC2_IRQHandler                          0x00000233   Thumb Code     0  arm_startup_nrf52.o(.text)
    SAADC_IRQHandler                         0x00000233   Thumb Code     0  arm_startup_nrf52.o(.text)
    SPIM0_SPIS0_TWIM0_TWIS0_SPI0_TWI0_IRQHandler 0x00000233   Thumb Code     0  arm_startup_nrf52.o(.text)
    SPIM1_SPIS1_TWIM1_TWIS1_SPI1_TWI1_IRQHandler 0x00000233   Thumb Code     0  arm_startup_nrf52.o(.text)
    SPIM2_SPIS2_SPI2_IRQHandler              0x00000233   Thumb Code     0  arm_startup_nrf52.o(.text)
    SWI1_EGU1_IRQHandler                     0x00000233   Thumb Code     0  arm_startup_nrf52.o(.text)
    SWI2_EGU2_IRQHandler                     0x00000233   Thumb Code     0  arm_startup_nrf52.o(.text)
    SWI3_EGU3_IRQHandler                     0x00000233   Thumb Code     0  arm_startup_nrf52.o(.text)
    SWI4_EGU4_IRQHandler                     0x00000233   Thumb Code     0  arm_startup_nrf52.o(.text)
    SWI5_EGU5_IRQHandler                     0x00000233   Thumb Code     0  arm_startup_nrf52.o(.text)
    TEMP_IRQHandler                          0x00000233   Thumb Code     0  arm_startup_nrf52.o(.text)
    TIMER0_IRQHandler                        0x00000233   Thumb Code     0  arm_startup_nrf52.o(.text)
    TIMER1_IRQHandler                        0x00000233   Thumb Code     0  arm_startup_nrf52.o(.text)
    TIMER2_IRQHandler                        0x00000233   Thumb Code     0  arm_startup_nrf52.o(.text)
    TIMER3_IRQHandler                        0x00000233   Thumb Code     0  arm_startup_nrf52.o(.text)
    TIMER4_IRQHandler                        0x00000233   Thumb Code     0  arm_startup_nrf52.o(.text)
    WDT_IRQHandler                           0x00000233   Thumb Code     0  arm_startup_nrf52.o(.text)
    __aeabi_uldivmod                         0x0000023d   Thumb Code    98  uldiv.o(.text)
    __rt_ctype_table                         0x000002a1   Thumb Code     4  ctype_o.o(.text)
    __aeabi_memcpy                           0x000002a9   Thumb Code    36  memcpya.o(.text)
    __aeabi_memcpy4                          0x000002a9   Thumb Code     0  memcpya.o(.text)
    __aeabi_memcpy8                          0x000002a9   Thumb Code     0  memcpya.o(.text)
    strlen                                   0x000002cd   Thumb Code    14  strlen.o(.text)
    __aeabi_llsl                             0x000002db   Thumb Code    30  llshl.o(.text)
    _ll_shift_l                              0x000002db   Thumb Code     0  llshl.o(.text)
    __aeabi_llsr                             0x000002f9   Thumb Code    32  llushr.o(.text)
    _ll_ushift_r                             0x000002f9   Thumb Code     0  llushr.o(.text)
    __scatterload                            0x00000319   Thumb Code    28  init.o(.text)
    __scatterload_rt2                        0x00000319   Thumb Code     0  init.o(.text)
    GPIOTE_IRQHandler                        0x0000033d   Thumb Code   362  nrf_drv_gpiote.o(i.GPIOTE_IRQHandler)
    POWER_CLOCK_IRQHandler                   0x00000515   Thumb Code    84  nrf_drv_clock.o(i.POWER_CLOCK_IRQHandler)
    PWM0_IRQHandler                          0x0000056d   Thumb Code     8  nrf_drv_pwm.o(i.PWM0_IRQHandler)
    PWM1_IRQHandler                          0x0000057d   Thumb Code     8  nrf_drv_pwm.o(i.PWM1_IRQHandler)
    PWM2_IRQHandler                          0x0000058d   Thumb Code     8  nrf_drv_pwm.o(i.PWM2_IRQHandler)
    RTC1_IRQHandler                          0x0000059d   Thumb Code    32  app_timer.o(i.RTC1_IRQHandler)
    SWI0_EGU0_IRQHandler                     0x000005c1   Thumb Code     4  app_timer.o(i.SWI0_EGU0_IRQHandler)
    SystemInit                               0x000005c5   Thumb Code   654  system_nrf52.o(i.SystemInit)
    UARTE0_UART0_IRQHandler                  0x00000891   Thumb Code    20  nrf_drv_uart.o(i.UARTE0_UART0_IRQHandler)
    __0snprintf$8                            0x000008ad   Thumb Code    48  printf8.o(i.__0snprintf$8)
    __1snprintf$8                            0x000008ad   Thumb Code     0  printf8.o(i.__0snprintf$8)
    __2snprintf                              0x000008ad   Thumb Code     0  printf8.o(i.__0snprintf$8)
    __scatterload_copy                       0x000008e1   Thumb Code    14  handlers.o(i.__scatterload_copy)
    __scatterload_null                       0x000008ef   Thumb Code     2  handlers.o(i.__scatterload_null)
    __scatterload_zeroinit                   0x000008f1   Thumb Code    14  handlers.o(i.__scatterload_zeroinit)
    app_button_enable                        0x00000d75   Thumb Code    32  app_button.o(i.app_button_enable)
    app_button_init                          0x00000d99   Thumb Code    96  app_button.o(i.app_button_init)
    app_error_fault_handler                  0x00000e09   Thumb Code    26  main.o(i.app_error_fault_handler)
    app_error_handler_bare                   0x00000e23   Thumb Code    22  app_error.o(i.app_error_handler_bare)
    app_error_save_and_stop                  0x00000e39   Thumb Code    96  app_error.o(i.app_error_save_and_stop)
    app_timer_create                         0x00000e9d   Thumb Code    36  app_timer.o(i.app_timer_create)
    app_timer_init                           0x00000ec5   Thumb Code    70  app_timer.o(i.app_timer_init)
    app_timer_start                          0x00000f19   Thumb Code   120  app_timer.o(i.app_timer_start)
    app_timer_stop                           0x00000f99   Thumb Code    26  app_timer.o(i.app_timer_stop)
    app_util_critical_region_enter           0x00000fb9   Thumb Code     4  app_util_platform.o(i.app_util_critical_region_enter)
    app_util_critical_region_exit            0x00000fbd   Thumb Code     4  app_util_platform.o(i.app_util_critical_region_exit)
    app_util_disable_irq                     0x00000fc1   Thumb Code    12  app_util_platform.o(i.app_util_disable_irq)
    app_util_enable_irq                      0x00000fd1   Thumb Code    14  app_util_platform.o(i.app_util_enable_irq)
    bsp_board_led_invert                     0x0000109d   Thumb Code    32  boards.o(i.bsp_board_led_invert)
    bsp_board_led_off                        0x000010c1   Thumb Code    10  boards.o(i.bsp_board_led_off)
    bsp_board_led_on                         0x000010d1   Thumb Code    10  boards.o(i.bsp_board_led_on)
    bsp_board_led_state_get                  0x000010e1   Thumb Code    28  boards.o(i.bsp_board_led_state_get)
    bsp_board_leds_init                      0x00001101   Thumb Code    38  boards.o(i.bsp_board_leds_init)
    bsp_board_leds_off                       0x0000112d   Thumb Code    18  boards.o(i.bsp_board_leds_off)
    bsp_board_leds_on                        0x0000113f   Thumb Code    18  boards.o(i.bsp_board_leds_on)
    bsp_board_pin_to_button_idx              0x00001151   Thumb Code    30  boards.o(i.bsp_board_pin_to_button_idx)
    bsp_buttons_enable                       0x00001205   Thumb Code     4  bsp.o(i.bsp_buttons_enable)
    bsp_event_to_button_action_assign        0x00001209   Thumb Code    64  bsp.o(i.bsp_event_to_button_action_assign)
    bsp_init                                 0x000012c5   Thumb Code   126  bsp.o(i.bsp_init)
    buffer_is_empty                          0x00001585   Thumb Code    16  nrf_log_frontend.o(i.buffer_is_empty)
    main                                     0x00001e61   Thumb Code    90  main.o(i.main)
    nrf_drv_clock_init                       0x00001f95   Thumb Code    58  nrf_drv_clock.o(i.nrf_drv_clock_init)
    nrf_drv_clock_lfclk_request              0x00001fd9   Thumb Code    86  nrf_drv_clock.o(i.nrf_drv_clock_lfclk_request)
    nrf_drv_common_irq_enable                0x0000204f   Thumb Code    56  nrf_drv_common.o(i.nrf_drv_common_irq_enable)
    nrf_drv_gpiote_in_event_enable           0x0000208d   Thumb Code   156  nrf_drv_gpiote.o(i.nrf_drv_gpiote_in_event_enable)
    nrf_drv_gpiote_in_init                   0x00002131   Thumb Code   172  nrf_drv_gpiote.o(i.nrf_drv_gpiote_in_init)
    nrf_drv_gpiote_in_is_set                 0x000021e9   Thumb Code    20  nrf_drv_gpiote.o(i.nrf_drv_gpiote_in_is_set)
    nrf_drv_gpiote_init                      0x000021fd   Thumb Code    84  nrf_drv_gpiote.o(i.nrf_drv_gpiote_init)
    nrf_drv_gpiote_is_init                   0x00002259   Thumb Code    14  nrf_drv_gpiote.o(i.nrf_drv_gpiote_is_init)
    nrf_drv_pwm_complex_playback             0x0000227d   Thumb Code    86  nrf_drv_pwm.o(i.nrf_drv_pwm_complex_playback)
    nrf_drv_pwm_init                         0x000022d9   Thumb Code   154  nrf_drv_pwm.o(i.nrf_drv_pwm_init)
    nrf_drv_pwm_simple_playback              0x00002379   Thumb Code   106  nrf_drv_pwm.o(i.nrf_drv_pwm_simple_playback)
    nrf_drv_pwm_uninit                       0x000023e9   Thumb Code    48  nrf_drv_pwm.o(i.nrf_drv_pwm_uninit)
    nrf_drv_uart_init                        0x0000241d   Thumb Code    98  nrf_drv_uart.o(i.nrf_drv_uart_init)
    nrf_drv_uart_tx                          0x00002485   Thumb Code   262  nrf_drv_uart.o(i.nrf_drv_uart_tx)
    nrf_drv_uart_tx_in_progress              0x00002591   Thumb Code    18  nrf_drv_uart.o(i.nrf_drv_uart_tx_in_progress)
    nrf_drv_uart_uninit                      0x000025a9   Thumb Code    74  nrf_drv_uart.o(i.nrf_drv_uart_uninit)
    nrf_log_backend_hexdump_handler_get      0x00002725   Thumb Code     4  nrf_log_backend_serial.o(i.nrf_log_backend_hexdump_handler_get)
    nrf_log_backend_init                     0x0000272d   Thumb Code   100  nrf_log_backend_serial.o(i.nrf_log_backend_init)
    nrf_log_backend_std_handler_get          0x000029e1   Thumb Code     4  nrf_log_backend_serial.o(i.nrf_log_backend_std_handler_get)
    nrf_log_frontend_dequeue                 0x000029e9   Thumb Code   298  nrf_log_frontend.o(i.nrf_log_frontend_dequeue)
    nrf_log_frontend_init                    0x00002b19   Thumb Code    16  nrf_log_frontend.o(i.nrf_log_frontend_init)
    nrf_log_frontend_std_0                   0x00002b2d   Thumb Code    68  nrf_log_frontend.o(i.nrf_log_frontend_std_0)
    nrf_log_handlers_set                     0x00002b79   Thumb Code    10  nrf_log_frontend.o(i.nrf_log_handlers_set)
    nrf_log_init                             0x00002b89   Thumb Code    36  nrf_log_frontend.o(i.nrf_log_init)
    __ctype_table                            0x000033d0   Data         129  ctype_o.o(.constdata)
    Region$$Table$$Base                      0x00003464   Number         0  anon$$obj.o(Region$$Table)
    Region$$Table$$Limit                     0x00003484   Number         0  anon$$obj.o(Region$$Table)
    SystemCoreClock                          0x200000bc   Data           4  system_nrf52.o(.data)
    __initial_sp                             0x20002930   Data           0  arm_startup_nrf52.o(STACK)



==============================================================================

Memory Map of the image

  Image Entry point : 0x00000201

  Load Region LR_IROM1 (Base: 0x00000000, Size: 0x00003544, Max: 0x00080000, ABSOLUTE)

    Execution Region ER_IROM1 (Exec base: 0x00000000, Load base: 0x00000000, Size: 0x00003484, Max: 0x00080000, ABSOLUTE)

    Exec Addr    Load Addr    Size         Type   Attr      Idx    E Section Name        Object

    0x00000000   0x00000000   0x00000200   Data   RO         2296    RESET               arm_startup_nrf52.o
    0x00000200   0x00000200   0x00000000   Code   RO         2337  * .ARM.Collect$$$$00000000  mc_w.l(entry.o)
    0x00000200   0x00000200   0x00000004   Code   RO         2639    .ARM.Collect$$$$00000001  mc_w.l(entry2.o)
    0x00000204   0x00000204   0x00000004   Code   RO         2642    .ARM.Collect$$$$00000004  mc_w.l(entry5.o)
    0x00000208   0x00000208   0x00000000   Code   RO         2644    .ARM.Collect$$$$00000008  mc_w.l(entry7b.o)
    0x00000208   0x00000208   0x00000000   Code   RO         2646    .ARM.Collect$$$$0000000A  mc_w.l(entry8b.o)
    0x00000208   0x00000208   0x00000008   Code   RO         2647    .ARM.Collect$$$$0000000B  mc_w.l(entry9a.o)
    0x00000210   0x00000210   0x00000004   Code   RO         2654    .ARM.Collect$$$$0000000E  mc_w.l(entry12b.o)
    0x00000214   0x00000214   0x00000000   Code   RO         2649    .ARM.Collect$$$$0000000F  mc_w.l(entry10a.o)
    0x00000214   0x00000214   0x00000000   Code   RO         2651    .ARM.Collect$$$$00000011  mc_w.l(entry11a.o)
    0x00000214   0x00000214   0x00000004   Code   RO         2640    .ARM.Collect$$$$00002712  mc_w.l(entry2.o)
    0x00000218   0x00000218   0x00000024   Code   RO         2297    .text               arm_startup_nrf52.o
    0x0000023c   0x0000023c   0x00000062   Code   RO         2340    .text               mc_w.l(uldiv.o)
    0x0000029e   0x0000029e   0x00000002   PAD
    0x000002a0   0x000002a0   0x00000008   Code   RO         2342    .text               mc_w.l(ctype_o.o)
    0x000002a8   0x000002a8   0x00000024   Code   RO         2370    .text               mc_w.l(memcpya.o)
    0x000002cc   0x000002cc   0x0000000e   Code   RO         2372    .text               mc_w.l(strlen.o)
    0x000002da   0x000002da   0x0000001e   Code   RO         2660    .text               mc_w.l(llshl.o)
    0x000002f8   0x000002f8   0x00000020   Code   RO         2662    .text               mc_w.l(llushr.o)
    0x00000318   0x00000318   0x00000024   Code   RO         2675    .text               mc_w.l(init.o)
    0x0000033c   0x0000033c   0x00000174   Code   RO          709    i.GPIOTE_IRQHandler  nrf_drv_gpiote.o
    0x000004b0   0x000004b0   0x00000016   Code   RO         1615    i.NVIC_ClearPendingIRQ  app_timer.o
    0x000004c6   0x000004c6   0x00000016   Code   RO         1616    i.NVIC_EnableIRQ    app_timer.o
    0x000004dc   0x000004dc   0x00000016   Code   RO         1617    i.NVIC_SetPendingIRQ  app_timer.o
    0x000004f2   0x000004f2   0x00000020   Code   RO         1618    i.NVIC_SetPriority  app_timer.o
    0x00000512   0x00000512   0x00000002   PAD
    0x00000514   0x00000514   0x00000058   Code   RO          500    i.POWER_CLOCK_IRQHandler  nrf_drv_clock.o
    0x0000056c   0x0000056c   0x00000010   Code   RO          952    i.PWM0_IRQHandler   nrf_drv_pwm.o
    0x0000057c   0x0000057c   0x00000010   Code   RO          953    i.PWM1_IRQHandler   nrf_drv_pwm.o
    0x0000058c   0x0000058c   0x00000010   Code   RO          954    i.PWM2_IRQHandler   nrf_drv_pwm.o
    0x0000059c   0x0000059c   0x00000024   Code   RO         1619    i.RTC1_IRQHandler   app_timer.o
    0x000005c0   0x000005c0   0x00000004   Code   RO         1620    i.SWI0_EGU0_IRQHandler  app_timer.o
    0x000005c4   0x000005c4   0x000002cc   Code   RO         2305    i.SystemInit        system_nrf52.o
    0x00000890   0x00000890   0x0000001c   Code   RO         1077    i.UARTE0_UART0_IRQHandler  nrf_drv_uart.o
    0x000008ac   0x000008ac   0x00000034   Code   RO         2586    i.__0snprintf$8     mc_w.l(printf8.o)
    0x000008e0   0x000008e0   0x0000000e   Code   RO         2685    i.__scatterload_copy  mc_w.l(handlers.o)
    0x000008ee   0x000008ee   0x00000002   Code   RO         2686    i.__scatterload_null  mc_w.l(handlers.o)
    0x000008f0   0x000008f0   0x0000000e   Code   RO         2687    i.__scatterload_zeroinit  mc_w.l(handlers.o)
    0x000008fe   0x000008fe   0x00000002   PAD
    0x00000900   0x00000900   0x00000404   Code   RO         2592    i._printf_core      mc_w.l(printf8.o)
    0x00000d04   0x00000d04   0x00000024   Code   RO         2593    i._printf_post_padding  mc_w.l(printf8.o)
    0x00000d28   0x00000d28   0x0000002e   Code   RO         2594    i._printf_pre_padding  mc_w.l(printf8.o)
    0x00000d56   0x00000d56   0x00000016   Code   RO         2595    i._snputc           mc_w.l(printf8.o)
    0x00000d6c   0x00000d6c   0x00000006   Code   RO          341    i.alert_timer_handler  bsp.o
    0x00000d72   0x00000d72   0x00000002   PAD
    0x00000d74   0x00000d74   0x00000024   Code   RO         1426    i.app_button_enable  app_button.o
    0x00000d98   0x00000d98   0x00000070   Code   RO         1427    i.app_button_init   app_button.o
    0x00000e08   0x00000e08   0x0000001a   Code   RO            4    i.app_error_fault_handler  main.o
    0x00000e22   0x00000e22   0x00000016   Code   RO         1494    i.app_error_handler_bare  app_error.o
    0x00000e38   0x00000e38   0x00000064   Code   RO         1495    i.app_error_save_and_stop  app_error.o
    0x00000e9c   0x00000e9c   0x00000028   Code   RO         1623    i.app_timer_create  app_timer.o
    0x00000ec4   0x00000ec4   0x00000054   Code   RO         1624    i.app_timer_init    app_timer.o
    0x00000f18   0x00000f18   0x00000080   Code   RO         1627    i.app_timer_start   app_timer.o
    0x00000f98   0x00000f98   0x00000020   Code   RO         1628    i.app_timer_stop    app_timer.o
    0x00000fb8   0x00000fb8   0x00000004   Code   RO         1784    i.app_util_critical_region_enter  app_util_platform.o
    0x00000fbc   0x00000fbc   0x00000004   Code   RO         1785    i.app_util_critical_region_exit  app_util_platform.o
    0x00000fc0   0x00000fc0   0x00000010   Code   RO         1786    i.app_util_disable_irq  app_util_platform.o
    0x00000fd0   0x00000fd0   0x00000014   Code   RO         1787    i.app_util_enable_irq  app_util_platform.o
    0x00000fe4   0x00000fe4   0x000000b8   Code   RO         1078    i.apply_config      nrf_drv_uart.o
    0x0000109c   0x0000109c   0x00000024   Code   RO          233    i.bsp_board_led_invert  boards.o
    0x000010c0   0x000010c0   0x00000010   Code   RO          234    i.bsp_board_led_off  boards.o
    0x000010d0   0x000010d0   0x00000010   Code   RO          235    i.bsp_board_led_on  boards.o
    0x000010e0   0x000010e0   0x00000020   Code   RO          236    i.bsp_board_led_state_get  boards.o
    0x00001100   0x00001100   0x0000002c   Code   RO          237    i.bsp_board_leds_init  boards.o
    0x0000112c   0x0000112c   0x00000012   Code   RO          238    i.bsp_board_leds_off  boards.o
    0x0000113e   0x0000113e   0x00000012   Code   RO          239    i.bsp_board_leds_on  boards.o
    0x00001150   0x00001150   0x00000024   Code   RO          240    i.bsp_board_pin_to_button_idx  boards.o
    0x00001174   0x00001174   0x00000090   Code   RO          342    i.bsp_button_event_handler  bsp.o
    0x00001204   0x00001204   0x00000004   Code   RO          345    i.bsp_buttons_enable  bsp.o
    0x00001208   0x00001208   0x00000044   Code   RO          346    i.bsp_event_to_button_action_assign  bsp.o
    0x0000124c   0x0000124c   0x00000078   Code   RO            5    i.bsp_evt_handler   main.o
    0x000012c4   0x000012c4   0x00000094   Code   RO          348    i.bsp_init          bsp.o
    0x00001358   0x00001358   0x000001b8   Code   RO          349    i.bsp_led_indication  bsp.o
    0x00001510   0x00001510   0x00000012   Code   RO         1906    i.buf_len_update    nrf_log_backend_serial.o
    0x00001522   0x00001522   0x00000002   PAD
    0x00001524   0x00001524   0x00000060   Code   RO         2010    i.buf_prealloc      nrf_log_frontend.o
    0x00001584   0x00001584   0x00000014   Code   RO         2011    i.buffer_is_empty   nrf_log_frontend.o
    0x00001598   0x00001598   0x00000008   Code   RO          352    i.button_timer_handler  bsp.o
    0x000015a0   0x000015a0   0x0000001c   Code   RO          710    i.channel_free      nrf_drv_gpiote.o
    0x000015bc   0x000015bc   0x00000048   Code   RO          711    i.channel_port_alloc  nrf_drv_gpiote.o
    0x00001604   0x00001604   0x00000010   Code   RO          712    i.channel_port_get  nrf_drv_gpiote.o
    0x00001614   0x00001614   0x00000028   Code   RO          501    i.clock_clk_started_notify  nrf_drv_clock.o
    0x0000163c   0x0000163c   0x000000ac   Code   RO         1630    i.compare_reg_update  app_timer.o
    0x000016e8   0x000016e8   0x00000066   Code   RO          955    i.configure_pins    nrf_drv_pwm.o
    0x0000174e   0x0000174e   0x00000002   PAD
    0x00001750   0x00001750   0x00000070   Code   RO            6    i.demo1             main.o
    0x000017c0   0x000017c0   0x00000054   Code   RO            7    i.demo1_handler     main.o
    0x00001814   0x00001814   0x0000009c   Code   RO            8    i.demo2             main.o
    0x000018b0   0x000018b0   0x0000006c   Code   RO            9    i.demo3             main.o
    0x0000191c   0x0000191c   0x00000178   Code   RO           10    i.demo4             main.o
    0x00001a94   0x00001a94   0x0000006c   Code   RO           11    i.demo5             main.o
    0x00001b00   0x00001b00   0x00000060   Code   RO         1429    i.detection_delay_timeout_handler  app_button.o
    0x00001b60   0x00001b60   0x00000040   Code   RO         1631    i.elapsed_ticks_acquire  app_timer.o
    0x00001ba0   0x00001ba0   0x00000058   Code   RO         1430    i.gpiote_event_handler  app_button.o
    0x00001bf8   0x00001bf8   0x00000078   Code   RO         1079    i.interrupts_enable  nrf_drv_uart.o
    0x00001c70   0x00001c70   0x0000009c   Code   RO          956    i.irq_handler       nrf_drv_pwm.o
    0x00001d0c   0x00001d0c   0x00000016   Code   RO          503    i.item_enqueue      nrf_drv_clock.o
    0x00001d22   0x00001d22   0x00000002   PAD
    0x00001d24   0x00001d24   0x00000030   Code   RO          353    i.leds_off          bsp.o
    0x00001d54   0x00001d54   0x00000014   Code   RO          354    i.leds_timer_handler  bsp.o
    0x00001d68   0x00001d68   0x000000f8   Code   RO         1632    i.list_insertions_handler  app_timer.o
    0x00001e60   0x00001e60   0x00000078   Code   RO           12    i.main              main.o
    0x00001ed8   0x00001ed8   0x00000010   Code   RO          713    i.nrf_bitmask_bit_is_set  nrf_drv_gpiote.o
    0x00001ee8   0x00001ee8   0x0000000e   Code   RO          505    i.nrf_clock_event_check  nrf_drv_clock.o
    0x00001ef6   0x00001ef6   0x00000010   Code   RO          506    i.nrf_clock_event_clear  nrf_drv_clock.o
    0x00001f06   0x00001f06   0x00000002   PAD
    0x00001f08   0x00001f08   0x0000008c   Code   RO         1633    i.nrf_delay_us      app_timer.o
    0x00001f94   0x00001f94   0x00000044   Code   RO          513    i.nrf_drv_clock_init  nrf_drv_clock.o
    0x00001fd8   0x00001fd8   0x00000060   Code   RO          518    i.nrf_drv_clock_lfclk_request  nrf_drv_clock.o
    0x00002038   0x00002038   0x00000016   Code   RO         1080    i.nrf_drv_common_irq_disable  nrf_drv_uart.o
    0x0000204e   0x0000204e   0x00000038   Code   RO          663    i.nrf_drv_common_irq_enable  nrf_drv_common.o
    0x00002086   0x00002086   0x00000006   Code   RO         1081    i.nrf_drv_get_IRQn  nrf_drv_uart.o
    0x0000208c   0x0000208c   0x000000a4   Code   RO          718    i.nrf_drv_gpiote_in_event_enable  nrf_drv_gpiote.o
    0x00002130   0x00002130   0x000000b8   Code   RO          719    i.nrf_drv_gpiote_in_init  nrf_drv_gpiote.o
    0x000021e8   0x000021e8   0x00000014   Code   RO          720    i.nrf_drv_gpiote_in_is_set  nrf_drv_gpiote.o
    0x000021fc   0x000021fc   0x0000005c   Code   RO          722    i.nrf_drv_gpiote_init  nrf_drv_gpiote.o
    0x00002258   0x00002258   0x00000014   Code   RO          723    i.nrf_drv_gpiote_is_init  nrf_drv_gpiote.o
    0x0000226c   0x0000226c   0x00000010   Code   RO         1082    i.nrf_drv_is_in_RAM  nrf_drv_uart.o
    0x0000227c   0x0000227c   0x0000005c   Code   RO          957    i.nrf_drv_pwm_complex_playback  nrf_drv_pwm.o
    0x000022d8   0x000022d8   0x000000a0   Code   RO          958    i.nrf_drv_pwm_init  nrf_drv_pwm.o
    0x00002378   0x00002378   0x00000070   Code   RO          960    i.nrf_drv_pwm_simple_playback  nrf_drv_pwm.o
    0x000023e8   0x000023e8   0x00000034   Code   RO          962    i.nrf_drv_pwm_uninit  nrf_drv_pwm.o
    0x0000241c   0x0000241c   0x00000068   Code   RO         1084    i.nrf_drv_uart_init  nrf_drv_uart.o
    0x00002484   0x00002484   0x0000010c   Code   RO         1092    i.nrf_drv_uart_tx   nrf_drv_uart.o
    0x00002590   0x00002590   0x00000018   Code   RO         1094    i.nrf_drv_uart_tx_in_progress  nrf_drv_uart.o
    0x000025a8   0x000025a8   0x00000054   Code   RO         1095    i.nrf_drv_uart_uninit  nrf_drv_uart.o
    0x000025fc   0x000025fc   0x00000024   Code   RO          242    i.nrf_gpio_cfg      boards.o
    0x00002620   0x00002620   0x00000024   Code   RO          737    i.nrf_gpio_cfg      nrf_drv_gpiote.o
    0x00002644   0x00002644   0x00000024   Code   RO         1096    i.nrf_gpio_cfg      nrf_drv_uart.o
    0x00002668   0x00002668   0x00000012   Code   RO         1097    i.nrf_gpio_cfg_default  nrf_drv_uart.o
    0x0000267a   0x0000267a   0x00000012   Code   RO         1098    i.nrf_gpio_cfg_input  nrf_drv_uart.o
    0x0000268c   0x0000268c   0x00000014   Code   RO         1099    i.nrf_gpio_cfg_output  nrf_drv_uart.o
    0x000026a0   0x000026a0   0x00000022   Code   RO          739    i.nrf_gpio_cfg_sense_set  nrf_drv_gpiote.o
    0x000026c2   0x000026c2   0x00000016   Code   RO          243    i.nrf_gpio_pin_write  boards.o
    0x000026d8   0x000026d8   0x00000028   Code   RO          740    i.nrf_gpio_ports_read  nrf_drv_gpiote.o
    0x00002700   0x00002700   0x00000014   Code   RO          741    i.nrf_gpiote_event_clear  nrf_drv_gpiote.o
    0x00002714   0x00002714   0x00000010   Code   RO          742    i.nrf_gpiote_event_is_set  nrf_drv_gpiote.o
    0x00002724   0x00002724   0x00000008   Code   RO         1908    i.nrf_log_backend_hexdump_handler_get  nrf_log_backend_serial.o
    0x0000272c   0x0000272c   0x00000070   Code   RO         1909    i.nrf_log_backend_init  nrf_log_backend_serial.o
    0x0000279c   0x0000279c   0x0000012e   Code   RO         1910    i.nrf_log_backend_serial_hexdump_handler  nrf_log_backend_serial.o
    0x000028ca   0x000028ca   0x00000114   Code   RO         1911    i.nrf_log_backend_serial_std_handler  nrf_log_backend_serial.o
    0x000029de   0x000029de   0x00000002   PAD
    0x000029e0   0x000029e0   0x00000008   Code   RO         1912    i.nrf_log_backend_std_handler_get  nrf_log_backend_serial.o
    0x000029e8   0x000029e8   0x00000130   Code   RO         2014    i.nrf_log_frontend_dequeue  nrf_log_frontend.o
    0x00002b18   0x00002b18   0x00000014   Code   RO         2016    i.nrf_log_frontend_init  nrf_log_frontend.o
    0x00002b2c   0x00002b2c   0x0000004c   Code   RO         2017    i.nrf_log_frontend_std_0  nrf_log_frontend.o
    0x00002b78   0x00002b78   0x00000010   Code   RO         2025    i.nrf_log_handlers_set  nrf_log_frontend.o
    0x00002b88   0x00002b88   0x00000024   Code   RO         2026    i.nrf_log_init      nrf_log_frontend.o
    0x00002bac   0x00002bac   0x0000000a   Code   RO          963    i.nrf_pwm_event_check  nrf_drv_pwm.o
    0x00002bb6   0x00002bb6   0x0000000c   Code   RO          964    i.nrf_pwm_event_clear  nrf_drv_pwm.o
    0x00002bc2   0x00002bc2   0x0000001e   Code   RO          965    i.nrf_pwm_sequence_set  nrf_drv_pwm.o
    0x00002be0   0x00002be0   0x0000000a   Code   RO         1100    i.nrf_uart_event_check  nrf_drv_uart.o
    0x00002bea   0x00002bea   0x0000000c   Code   RO         1101    i.nrf_uart_event_clear  nrf_drv_uart.o
    0x00002bf6   0x00002bf6   0x0000000c   Code   RO         1102    i.nrf_uart_int_enable_check  nrf_drv_uart.o
    0x00002c02   0x00002c02   0x0000000a   Code   RO         1103    i.nrf_uarte_event_check  nrf_drv_uart.o
    0x00002c0c   0x00002c0c   0x0000000c   Code   RO         1104    i.nrf_uarte_event_clear  nrf_drv_uart.o
    0x00002c18   0x00002c18   0x00000018   Code   RO          743    i.pin_in_use_by_port  nrf_drv_gpiote.o
    0x00002c30   0x00002c30   0x00000018   Code   RO          744    i.pin_in_use_by_te  nrf_drv_gpiote.o
    0x00002c48   0x00002c48   0x00000078   Code   RO         1105    i.pins_to_default   nrf_drv_uart.o
    0x00002cc0   0x00002cc0   0x0000003c   Code   RO         1634    i.rtc1_stop         app_timer.o
    0x00002cfc   0x00002cfc   0x00000032   Code   RO         1106    i.rx_byte           nrf_drv_uart.o
    0x00002d2e   0x00002d2e   0x00000018   Code   RO         1107    i.rx_done_event     nrf_drv_uart.o
    0x00002d46   0x00002d46   0x00000002   PAD
    0x00002d48   0x00002d48   0x0000000c   Code   RO         1913    i.serial_is_busy    nrf_log_backend_serial.o
    0x00002d54   0x00002d54   0x0000002c   Code   RO         1914    i.serial_tx         nrf_log_backend_serial.o
    0x00002d80   0x00002d80   0x0000004c   Code   RO          966    i.start_playback    nrf_drv_pwm.o
    0x00002dcc   0x00002dcc   0x00000080   Code   RO         1635    i.timer_list_handler  app_timer.o
    0x00002e4c   0x00002e4c   0x0000003c   Code   RO         1636    i.timer_list_insert  app_timer.o
    0x00002e88   0x00002e88   0x00000060   Code   RO         1637    i.timer_list_remove  app_timer.o
    0x00002ee8   0x00002ee8   0x00000040   Code   RO         1638    i.timer_stop_op_schedule  app_timer.o
    0x00002f28   0x00002f28   0x00000074   Code   RO         1639    i.timer_timeouts_check  app_timer.o
    0x00002f9c   0x00002f9c   0x00000034   Code   RO         1915    i.timestamp_process  nrf_log_backend_serial.o
    0x00002fd0   0x00002fd0   0x00000020   Code   RO         1109    i.tx_byte           nrf_drv_uart.o
    0x00002ff0   0x00002ff0   0x0000001c   Code   RO         1110    i.tx_done_event     nrf_drv_uart.o
    0x0000300c   0x0000300c   0x00000010   Code   RO         1916    i.uart_event_handler  nrf_log_backend_serial.o
    0x0000301c   0x0000301c   0x0000011e   Code   RO         1111    i.uart_irq_handler  nrf_drv_uart.o
    0x0000313a   0x0000313a   0x000000f0   Code   RO         1112    i.uarte_irq_handler  nrf_drv_uart.o
    0x0000322a   0x0000322a   0x00000002   PAD
    0x0000322c   0x0000322c   0x00000030   Code   RO         1640    i.user_op_alloc     app_timer.o
    0x0000325c   0x0000325c   0x000000f0   Data   RO           14    .constdata          main.o
    0x0000334c   0x0000334c   0x00000008   Data   RO          244    .constdata          boards.o
    0x00003354   0x00003354   0x0000002c   Data   RO          360    .constdata          bsp.o
    0x00003380   0x00003380   0x00000004   Data   RO          746    .constdata          nrf_drv_gpiote.o
    0x00003384   0x00003384   0x00000008   Data   RO         1432    .constdata          app_button.o
    0x0000338c   0x0000338c   0x00000020   Data   RO         1919    .constdata          nrf_log_backend_serial.o
    0x000033ac   0x000033ac   0x00000024   Data   RO         2029    .constdata          nrf_log_frontend.o
    0x000033d0   0x000033d0   0x00000081   Data   RO         2343    .constdata          mc_w.l(ctype_o.o)
    0x00003451   0x00003451   0x00000003   PAD
    0x00003454   0x00003454   0x00000004   Data   RO         2344    .constdata          mc_w.l(ctype_o.o)
    0x00003458   0x00003458   0x0000000b   Data   RO         2030    .conststring        nrf_log_frontend.o
    0x00003463   0x00003463   0x00000001   PAD
    0x00003464   0x00003464   0x00000020   Data   RO         2683    Region$$Table       anon$$obj.o


    Execution Region RW_IRAM1 (Exec base: 0x20000000, Load base: 0x00003484, Size: 0x00002930, Max: 0x00010000, ABSOLUTE)

    Exec Addr    Load Addr    Size         Type   Attr      Idx    E Section Name        Object

    0x20000000   0x00003484   0x00000024   Data   RW           15    .data               main.o
    0x20000024   0x000034a8   0x0000000c   Data   RW           16    .data               main.o
    0x20000030   0x000034b4   0x0000000c   Data   RW           17    .data               main.o
    0x2000003c   0x000034c0   0x00000010   Data   RW           18    .data               main.o
    0x2000004c   0x000034d0   0x00000004   Data   RW           19    .data               main.o
    0x20000050   0x000034d4   0x00000020   Data   RW           20    .data               main.o
    0x20000070   0x000034f4   0x00000010   Data   RW          361    .data               bsp.o
    0x20000080   0x00003504   0x00000014   Data   RW         1433    .data               app_button.o
    0x20000094   0x00003518   0x00000014   Data   RW         1642    .data               app_timer.o
    0x200000a8   0x0000352c   0x00000004   Data   RW         1790    .data               app_util_platform.o
    0x200000ac   0x00003530   0x0000000c   Data   RW         1920    .data               nrf_log_backend_serial.o
    0x200000b8   0x0000353c   0x00000004   Data   RW         2031    .data               nrf_log_frontend.o
    0x200000bc   0x00003540   0x00000004   Data   RW         2306    .data               system_nrf52.o
    0x200000c0        -       0x000000fa   Zero   RW           13    .bss                main.o
    0x200001ba   0x00003544   0x00000002   PAD
    0x200001bc        -       0x00000020   Zero   RW          356    .bss                bsp.o
    0x200001dc        -       0x00000020   Zero   RW          357    .bss                bsp.o
    0x200001fc        -       0x0000000c   Zero   RW          358    .bss                bsp.o
    0x20000208        -       0x00000020   Zero   RW          359    .bss                bsp.o
    0x20000228        -       0x00000014   Zero   RW          520    .bss                nrf_drv_clock.o
    0x2000023c        -       0x00000058   Zero   RW          745    .bss                nrf_drv_gpiote.o
    0x20000294        -       0x00000018   Zero   RW          967    .bss                nrf_drv_pwm.o
    0x200002ac        -       0x00000020   Zero   RW         1113    .bss                nrf_drv_uart.o
    0x200002cc        -       0x00000020   Zero   RW         1431    .bss                app_button.o
    0x200002ec        -       0x00000020   Zero   RW         1496    .bss                app_error.o
    0x2000030c        -       0x0000010c   Zero   RW         1641    .bss                app_timer.o
    0x20000418        -       0x00000100   Zero   RW         1917    .bss                nrf_log_backend_serial.o
    0x20000518        -       0x00000418   Zero   RW         2028    .bss                nrf_log_frontend.o
    0x20000930        -       0x00002000   Zero   RW         2294    STACK               arm_startup_nrf52.o


==============================================================================

Image component sizes


      Code (inc. data)   RO Data    RW Data    ZI Data      Debug   Object Name

       332         34          8         20         32      10054   app_button.o
       122          4          0          0         32       3971   app_error.o
         0          0          0          0          0      26647   app_error_weak.o
      1618        122          0         20        268      47467   app_timer.o
        44         10          0          4          0       3244   app_util_platform.o
        36          8        512          0       8192        912   arm_startup_nrf52.o
       274         32          8          0          0      11605   boards.o
       886         80         44         16        108      13180   bsp.o
      1210        202        240        112        250      62457   main.o
       344         30          0          0         20      12696   nrf_drv_clock.o
        56          0          0          0          0      27599   nrf_drv_common.o
      1178         84          4          0         88      28296   nrf_drv_gpiote.o
       850         46          0          0         24      52326   nrf_drv_pwm.o
      1784         60          0          0         32      40128   nrf_drv_uart.o
       848         56         32         12        256      16859   nrf_log_backend_serial.o
       568         40         47          4       1048       9500   nrf_log_frontend.o
       716         62          0          4          0       2831   system_nrf52.o

    ----------------------------------------------------------------------
     10884        870        928        192      10352     369772   Object Totals
         0          0         32          0          0          0   (incl. Generated)
        18          0          1          0          2          0   (incl. Padding)

    ----------------------------------------------------------------------

      Code (inc. data)   RO Data    RW Data    ZI Data      Debug   Library Member Name

         8          4        133          0          0         68   ctype_o.o
         0          0          0          0          0          0   entry.o
         0          0          0          0          0          0   entry10a.o
         0          0          0          0          0          0   entry11a.o
         4          0          0          0          0          0   entry12b.o
         8          4          0          0          0          0   entry2.o
         4          0          0          0          0          0   entry5.o
         0          0          0          0          0          0   entry7b.o
         0          0          0          0          0          0   entry8b.o
         8          4          0          0          0          0   entry9a.o
        30          0          0          0          0          0   handlers.o
        36          8          0          0          0         68   init.o
        30          0          0          0          0         68   llshl.o
        32          0          0          0          0         68   llushr.o
        36          0          0          0          0         68   memcpya.o
      1184         48          0          0          0        424   printf8.o
        14          0          0          0          0         68   strlen.o
        98          0          0          0          0         92   uldiv.o

    ----------------------------------------------------------------------
      1496         68        136          0          0        924   Library Totals
         4          0          3          0          0          0   (incl. Padding)

    ----------------------------------------------------------------------

      Code (inc. data)   RO Data    RW Data    ZI Data      Debug   Library Name

      1492         68        133          0          0        924   mc_w.l

    ----------------------------------------------------------------------
      1496         68        136          0          0        924   Library Totals

    ----------------------------------------------------------------------

==============================================================================


      Code (inc. data)   RO Data    RW Data    ZI Data      Debug   

     12380        938       1064        192      10352     357136   Grand Totals
     12380        938       1064        192      10352     357136   ELF Image Totals
     12380        938       1064        192          0          0   ROM Totals

==============================================================================

    Total RO  Size (Code + RO Data)                13444 (  13.13kB)
    Total RW  Size (RW Data + ZI Data)             10544 (  10.30kB)
    Total ROM Size (Code + RO Data + RW Data)      13636 (  13.32kB)

==============================================================================

